---
source: crates/macroforge_ts/tests/conformance.rs
---
## Source

macroforge.config.ts
sha256 a22659de2344740a1ac0a60453c3dbe1066756f31f42bfe9442852314fd8bca6

## Changed

false

## Output

(unchanged)

## DTS

(none)

## Diagnostics

(none)

## Mapping

(none)

## Metadata

(none)

## Registry reads

(none)

## Buildtime dependencies

(none)
