---
source: crates/macroforge_ts/tests/conformance.rs
---
## Source

src/validator-form-page.ts
sha256 c02efe88f2c36cf1c491958704e345293824ffa6604e7c85ea7b4f182c521fd0

## Changed

false

## Output

(unchanged)

## DTS

(none)

## Diagnostics

(none)

## Mapping

original 0..13994 -> expanded 0..13994

## Metadata

(none)

## Registry reads

(none)

## Buildtime dependencies

(none)
