---
source: crates/macroforge_ts/tests/conformance.rs
---
## Source

src/lib/demo/types/viewed.svelte.ts
sha256 a302c5f6fc985dbe4dd4f5641c3e5047b859a27c089d801f4903845a0ef5d6fa

## Changed

true

## Output

import { EncodeContext as __mf_EncodeContext, DecodeContext as __mf_DecodeContext, DecodeError as __mf_DecodeError, PendingRef as __mf_PendingRef } from "@macroforge/core/endec";
import type { DecodeOptions as __mf_DecodeOptions } from "@macroforge/core/endec";
import { Option, Exit } from "effect";
import type { FieldController } from "@testground/macro/gigaform";
import { toExit } from "@testground/macro/gigaform";
/** import macro {Gigaform} from "@testground/macro"; */


export interface Viewed {
    durationSeconds: number | null;
    source: string | null;
}

export function viewedDefaultValue(): Viewed {
    return {
        durationSeconds: null,
        source: null,
    };
}

/** Encodes a value to a JSON string. @param value - The value to encode @param keepMetadata - If true, preserves __type and __id fields in the output @returns JSON string representation  */
export function viewedEncode(value: Viewed, keepMetadata?: boolean): string {
    const ctx = __mf_EncodeContext.create();
    const __raw = viewedEncodeWithContext(value, ctx);
    if (keepMetadata) return JSON.stringify(__raw);
    return JSON.stringify(__raw, (key, val) => key === "__type" || key === "__id" ? undefined : val);
}

/** Encodes with an existing context for nested/cyclic object graphs. @param value - The value to encode @param ctx - The encoding context  */
export function viewedEncodeWithContext(value: Viewed, ctx: __mf_EncodeContext): Record<string, unknown> {

    const existingId = ctx.getId(value);
    if (existingId !== undefined) {
        return { __ref: existingId };
    }

    const __id = ctx.register(value);

    const result: Record<string, unknown> = {
        "__type": "Viewed",
        __id,
    };

    
    result.durationSeconds = value.durationSeconds;
    result.source = value.source;

    return result;
}

/** Decodes input to this type. Automatically detects whether input is a JSON string or object. @param input - JSON string or object to decode @param opts - Optional decoding options @returns Result containing the decoded value or validation errors  */
export function viewedDecode(input: unknown, opts?: __mf_DecodeOptions): { success: true; value: Viewed } | { success: false; errors: Array<{ field: string; message: string }> } {
    try {

        const data = typeof input === "string" ? JSON.parse(input) : input;

        const ctx = __mf_DecodeContext.create();
        const resultOrRef = viewedDecodeWithContext(data, ctx);

        if (__mf_PendingRef.is(resultOrRef)) {
            return ({
	success: false,
	errors: [{
		field: "_root",
		message: "Viewed.decode: root cannot be a forward reference"
	}]
});
        }

        ctx.applyPatches();
        if (opts?.freeze) {
            ctx.freezeAll();
        }

        const __errors = ctx.getErrors();
        if (__errors.length > 0) {
            return ({
	success: false,
	errors: __errors
});
        }

        return ({
	success: true,
	value: resultOrRef
});
    } catch (e) {
        if (e instanceof __mf_DecodeError) {
            return ({
	success: false,
	errors: e.errors
});
        }
        const message = e instanceof Error ? e.message : String(e);
        return ({
	success: false,
	errors: [{
		field: "_root",
		message
	}]
});
    }
}
/** Decodes with an existing context for nested/cyclic object graphs. @param value - The raw value to decode @param ctx - The decoding context  */
export function viewedDecodeWithContext(value: unknown, ctx: __mf_DecodeContext): Viewed | __mf_PendingRef {
    if (typeof value === "object" && value !== null && "__ref" in value) {
        if (typeof value.__ref !== "number") {
            throw new __mf_DecodeError([{ field: "__ref", message: "Viewed.decodeWithContext: __ref must be a number" }]);
        }
        return ctx.getOrDefer(value.__ref) as Viewed | __mf_PendingRef;
    }

    if (typeof value !== "object" || value === null || Array.isArray(value)) {
        throw new __mf_DecodeError([{ field: "_root", message: "Viewed.decodeWithContext: expected an object" }]);
    }

    const obj = value as Record<string, unknown>;
    const errors: Array<{ field: string; message: string }> = [];
    if (!("durationSeconds" in obj)) {
        errors.push({ field: "durationSeconds", message: "missing required field" });
    }
    if (!("source" in obj)) {
        errors.push({ field: "source", message: "missing required field" });
    }

    const instance: any = {};

    if (obj.__id !== undefined) {
        ctx.register(obj.__id as number, instance);
    }

    ctx.trackForFreeze(instance);

    {
        const __raw_durationSeconds = obj["durationSeconds"] as number | null;

        if (!(typeof __raw_durationSeconds === "number" || __raw_durationSeconds === null)) {
            errors.push({ field: "durationSeconds", message: "expected number | null" });
        } else {
            instance.durationSeconds = __raw_durationSeconds;
        }
    }
    {
        const __raw_source = obj["source"] as string | null;

        if (!(typeof __raw_source === "string" || __raw_source === null)) {
            errors.push({ field: "source", message: "expected string | null" });
        } else {
            instance.source = __raw_source;
        }
    }

    ctx.pushErrors(errors);

    return instance as Viewed;
}
export function viewedValidateField<K extends keyof Viewed>(field: K, value: unknown): Array<{ field: string; message: string }>;
export function viewedValidateField(): Array<{ field: string; message: string }> {
    return [];
}

export function viewedValidateFields(partial: { readonly [K in keyof Viewed]?: unknown }): Array<{ field: string; message: string }>;
export function viewedValidateFields(): Array<{ field: string; message: string }> {
    return [];
}
export function viewedHasShape(obj: unknown): boolean {
    if (typeof obj !== "object" || obj === null || Array.isArray(obj)) {
        return false;
    }
    const o = obj as Record<string, unknown>;
    return "durationSeconds" in o && "source" in o;
}

export function viewedIs(obj: unknown): obj is Viewed {
    return viewedHasShape(obj) && viewedDecode(obj).success;
}

/** Nested error structure matching the data shape  */
export type ViewedErrors = {
    _errors: Option.Option<Array<string>>;
    durationSeconds: Option.Option<Array<string>>;
    source: Option.Option<Array<string>>;
};

/** Nested boolean structure for tracking touched/dirty fields  */
export type ViewedTainted = {
    durationSeconds: Option.Option<boolean>;
    source: Option.Option<boolean>;
};

/** Type-safe field controllers for this form  */
export interface ViewedFieldControllers {
    readonly durationSeconds: FieldController<number | null>;
    readonly source: FieldController<string | null>;
}

/** Gigaform instance containing reactive state and field controllers  */
export interface ViewedGigaform {
    readonly data: Viewed;
    readonly errors: ViewedErrors;
    readonly tainted: ViewedTainted;
    readonly fields: ViewedFieldControllers;
    validate(): Exit.Exit<Viewed, Array<{ field: string; message: string }>>;
    reset(overrides?: Partial<Viewed>): void;
}
/** Creates a new Gigaform instance with reactive state and field controllers.  */
export function viewedCreateForm(overrides?: Partial<Viewed>): ViewedGigaform {
    let data = $state({ ...viewedDefaultValue(), ...overrides });
    let errors = $state<ViewedErrors>({
        _errors: Option.none(),
        durationSeconds: Option.none(),
        source: Option.none(),
    });
    let tainted = $state<ViewedTainted>({
        durationSeconds: Option.none(),
        source: Option.none(),
    });
    const fields = {
        durationSeconds: {
            name: "durationSeconds",
            label: "durationSeconds",
            type: "number",
            optional: false,
            array: false,
            path: ["durationSeconds"],
            get: () => data.durationSeconds,
            set: (value: number | null) => { data.durationSeconds = value; },
            getError: () => errors.durationSeconds,
            setError: (value: Option.Option<Array<string>>) => { errors.durationSeconds = value; },
            getTainted: () => tainted.durationSeconds,
            setTainted: (value: Option.Option<boolean>) => { tainted.durationSeconds = value; },
            validate: () => viewedValidateField("durationSeconds", data.durationSeconds).map((e: { field: string; message: string }) => e.message),

            constraints: {},


            disabled: false,
            readonly: false,
        },
        source: {
            name: "source",
            label: "source",
            type: "text",
            optional: false,
            array: false,
            path: ["source"],
            get: () => data.source,
            set: (value: string | null) => { data.source = value; },
            getError: () => errors.source,
            setError: (value: Option.Option<Array<string>>) => { errors.source = value; },
            getTainted: () => tainted.source,
            setTainted: (value: Option.Option<boolean>) => { tainted.source = value; },
            validate: () => viewedValidateField("source", data.source).map((e: { field: string; message: string }) => e.message),

            constraints: {},


            disabled: false,
            readonly: false,
        },
    } as unknown as ViewedFieldControllers;

    function validate(): Exit.Exit<Viewed, Array<{ field: string; message: string }>> {
        return toExit(viewedDecode(data));
    }

    function reset(newOverrides?: Partial<Viewed>): void {
        data = { ...viewedDefaultValue(), ...newOverrides };
        errors = {
            _errors: Option.none(),
            durationSeconds: Option.none(),
            source: Option.none(),
        };
        tainted = {
            durationSeconds: Option.none(),
            source: Option.none(),
        };
    }

    return {
        get data() { return data; },
        set data(v) { data = v; },
        get errors() { return errors; },
        set errors(v) { errors = v; },
        get tainted() { return tainted; },
        set tainted(v) { tainted = v; },
        fields,
        validate,
        reset,
    };
}
/** Parses FormData and validates it, returning a Result with the parsed data or errors. Delegates validation to decode() from @derive(Decode).  */
export function viewedFromFormData(formData: FormData): Exit.Exit<Viewed, Array<{ field: string; message: string }>> {
    const obj: Record<string, unknown> = {};

    
    {
        const durationSecondsStr = formData.get("durationSeconds");
        obj.durationSeconds = durationSecondsStr ? parseFloat(durationSecondsStr as string) : 0;
        if (obj.durationSeconds !== undefined && isNaN(obj.durationSeconds as number)) obj.durationSeconds = 0;
    }
    obj.source = formData.get("source") ?? "";

    return toExit(viewedDecode(obj));
}

export const Viewed: {
  readonly defaultValue: typeof viewedDefaultValue;
  readonly encode: typeof viewedEncode;
  readonly encodeWithContext: typeof viewedEncodeWithContext;
  readonly decode: typeof viewedDecode;
  readonly decodeWithContext: typeof viewedDecodeWithContext;
  readonly validateField: typeof viewedValidateField;
  readonly validateFields: typeof viewedValidateFields;
  readonly hasShape: typeof viewedHasShape;
  readonly is: typeof viewedIs;
  readonly createForm: typeof viewedCreateForm;
  readonly fromFormData: typeof viewedFromFormData;
} = {
  defaultValue: viewedDefaultValue,
  encode: viewedEncode,
  encodeWithContext: viewedEncodeWithContext,
  decode: viewedDecode,
  decodeWithContext: viewedDecodeWithContext,
  validateField: viewedValidateField,
  validateFields: viewedValidateFields,
  hasShape: viewedHasShape,
  is: viewedIs,
  createForm: viewedCreateForm,
  fromFormData: viewedFromFormData
};

## DTS

/** import macro {Gigaform} from "@testground/macro"; */
export interface Viewed {
	durationSeconds: number | null;
	source: string | null;
}
export declare function viewedDefaultValue(): Viewed;
/** Encodes a value to a JSON string. @param value - The value to encode @param keepMetadata - If true, preserves __type and __id fields in the output @returns JSON string representation  */
export declare function viewedEncode(value: Viewed, keepMetadata?: boolean): string;
/** Encodes with an existing context for nested/cyclic object graphs. @param value - The value to encode @param ctx - The encoding context  */
export declare function viewedEncodeWithContext(value: Viewed, ctx: __mf_EncodeContext): Record<string, unknown>;
/** Decodes input to this type. Automatically detects whether input is a JSON string or object. @param input - JSON string or object to decode @param opts - Optional decoding options @returns Result containing the decoded value or validation errors  */
export declare function viewedDecode(input: unknown, opts?: __mf_DecodeOptions): {
	success: true;
	value: Viewed;
} | {
	success: false;
	errors: Array<{
		field: string;
		message: string;
	}>;
};
/** Decodes with an existing context for nested/cyclic object graphs. @param value - The raw value to decode @param ctx - The decoding context  */
export declare function viewedDecodeWithContext(value: unknown, ctx: __mf_DecodeContext): Viewed | __mf_PendingRef;
export declare function viewedValidateField<K extends keyof Viewed>(field: K, value: unknown): Array<{
	field: string;
	message: string;
}>;
export declare function viewedValidateFields(partial: { readonly [K in keyof Viewed]?: unknown }): Array<{
	field: string;
	message: string;
}>;
export declare function viewedHasShape(obj: unknown): boolean;
export declare function viewedIs(obj: unknown): obj is Viewed;
/** Nested error structure matching the data shape  */
export type ViewedErrors = {
	_errors: Option.Option<Array<string>>;
	durationSeconds: Option.Option<Array<string>>;
	source: Option.Option<Array<string>>;
};
/** Nested boolean structure for tracking touched/dirty fields  */
export type ViewedTainted = {
	durationSeconds: Option.Option<boolean>;
	source: Option.Option<boolean>;
};
/** Type-safe field controllers for this form  */
export interface ViewedFieldControllers {
	readonly durationSeconds: FieldController<number | null>;
	readonly source: FieldController<string | null>;
}
/** Gigaform instance containing reactive state and field controllers  */
export interface ViewedGigaform {
	readonly data: Viewed;
	readonly errors: ViewedErrors;
	readonly tainted: ViewedTainted;
	readonly fields: ViewedFieldControllers;
	validate(): Exit.Exit<Viewed, Array<{
		field: string;
		message: string;
	}>>;
	reset(overrides?: Partial<Viewed>): void;
}
/** Creates a new Gigaform instance with reactive state and field controllers.  */
export declare function viewedCreateForm(overrides?: Partial<Viewed>): ViewedGigaform;
/** Parses FormData and validates it, returning a Result with the parsed data or errors. Delegates validation to decode() from @derive(Decode).  */
export declare function viewedFromFormData(formData: FormData): Exit.Exit<Viewed, Array<{
	field: string;
	message: string;
}>>;
export declare const Viewed: {
	readonly defaultValue: typeof viewedDefaultValue;
	readonly encode: typeof viewedEncode;
	readonly encodeWithContext: typeof viewedEncodeWithContext;
	readonly decode: typeof viewedDecode;
	readonly decodeWithContext: typeof viewedDecodeWithContext;
	readonly validateField: typeof viewedValidateField;
	readonly validateFields: typeof viewedValidateFields;
	readonly hasShape: typeof viewedHasShape;
	readonly is: typeof viewedIs;
	readonly createForm: typeof viewedCreateForm;
	readonly fromFormData: typeof viewedFromFormData;
};

## Diagnostics

(none)

## Mapping

original 0..58 -> expanded 421..479
original 107..198 -> expanded 479..570
original 198..199 -> expanded 11869..11870
generated 0..421 <- imports
generated 570..693 <- Default
generated 693..1841 <- Encode
generated 1841..6155 <- Decode
generated 6155..10929 <- Gigaform
generated 10929..11869 <- __convenience_const

## Metadata

interface Viewed: {"body_span":{"end":199,"start":133},"decorators":[{"args_src":"Default, Encode, Decode, Gigaform","name":"Derive","span":{"end":108,"start":59}}],"fields":[{"decorators":[],"name":"durationSeconds","optional":false,"readonly":false,"span":{"end":170,"start":139},"ts_type":"number | null"},{"decorators":[],"name":"source","optional":false,"readonly":false,"span":{"end":197,"start":175},"ts_type":"string | null"}],"heritage":[],"methods":[],"name":"Viewed","span":{"end":199,"start":116},"type_params":[]}

## Registry reads

Name("number")
Name("string")

## Buildtime dependencies

(none)
