---
source: crates/macroforge_ts/tests/conformance.rs
---
## Source

src/lib/tests/svelte5-mocks.ts
sha256 0db6fd10c05d86ba081dee459e7e2877733d7d9851f9a066236efedbf32777ac

## Changed

false

## Output

(unchanged)

## DTS

(none)

## Diagnostics

(none)

## Mapping

(none)

## Metadata

(none)

## Registry reads

(none)

## Buildtime dependencies

(none)
