---
source: crates/macroforge_ts/tests/conformance.rs
---
## Source

src/lib/demo/types/password.svelte.ts
sha256 8529d9c50fd8d78fbd135741d54757f15b85864b908d39b1bc0a01fb4383694d

## Changed

true

## Output

import { EncodeContext as __mf_EncodeContext, DecodeContext as __mf_DecodeContext, DecodeError as __mf_DecodeError, PendingRef as __mf_PendingRef } from "@macroforge/core/endec";
import type { DecodeOptions as __mf_DecodeOptions } from "@macroforge/core/endec";
import { Option, Exit } from "effect";
import type { FieldController } from "@testground/macro/gigaform";
import { toExit } from "@testground/macro/gigaform";
/** import macro {Gigaform} from "@testground/macro"; */


export interface Password {
    
    password: string;
}

export function passwordDefaultValue(): Password {
    return {
        password: "",
    };
}

/** Encodes a value to a JSON string. @param value - The value to encode @param keepMetadata - If true, preserves __type and __id fields in the output @returns JSON string representation  */
export function passwordEncode(value: Password, keepMetadata?: boolean): string {
    const ctx = __mf_EncodeContext.create();
    const __raw = passwordEncodeWithContext(value, ctx);
    if (keepMetadata) return JSON.stringify(__raw);
    return JSON.stringify(__raw, (key, val) => key === "__type" || key === "__id" ? undefined : val);
}

/** Encodes with an existing context for nested/cyclic object graphs. @param value - The value to encode @param ctx - The encoding context  */
export function passwordEncodeWithContext(value: Password, ctx: __mf_EncodeContext): Record<string, unknown> {

    const existingId = ctx.getId(value);
    if (existingId !== undefined) {
        return { __ref: existingId };
    }

    const __id = ctx.register(value);

    const result: Record<string, unknown> = {
        "__type": "Password",
        __id,
    };

    
    result.password = value.password;

    return result;
}

/** Decodes input to this type. Automatically detects whether input is a JSON string or object. @param input - JSON string or object to decode @param opts - Optional decoding options @returns Result containing the decoded value or validation errors  */
export function passwordDecode(input: unknown, opts?: __mf_DecodeOptions): { success: true; value: Password } | { success: false; errors: Array<{ field: string; message: string }> } {
    try {

        const data = typeof input === "string" ? JSON.parse(input) : input;

        const ctx = __mf_DecodeContext.create();
        const resultOrRef = passwordDecodeWithContext(data, ctx);

        if (__mf_PendingRef.is(resultOrRef)) {
            return ({
	success: false,
	errors: [{
		field: "_root",
		message: "Password.decode: root cannot be a forward reference"
	}]
});
        }

        ctx.applyPatches();
        if (opts?.freeze) {
            ctx.freezeAll();
        }

        const __errors = ctx.getErrors();
        if (__errors.length > 0) {
            return ({
	success: false,
	errors: __errors
});
        }

        return ({
	success: true,
	value: resultOrRef
});
    } catch (e) {
        if (e instanceof __mf_DecodeError) {
            return ({
	success: false,
	errors: e.errors
});
        }
        const message = e instanceof Error ? e.message : String(e);
        return ({
	success: false,
	errors: [{
		field: "_root",
		message
	}]
});
    }
}
/** Decodes with an existing context for nested/cyclic object graphs. @param value - The raw value to decode @param ctx - The decoding context  */
export function passwordDecodeWithContext(value: unknown, ctx: __mf_DecodeContext): Password | __mf_PendingRef {
    if (typeof value === "object" && value !== null && "__ref" in value) {
        if (typeof value.__ref !== "number") {
            throw new __mf_DecodeError([{ field: "__ref", message: "Password.decodeWithContext: __ref must be a number" }]);
        }
        return ctx.getOrDefer(value.__ref) as Password | __mf_PendingRef;
    }

    if (typeof value !== "object" || value === null || Array.isArray(value)) {
        throw new __mf_DecodeError([{ field: "_root", message: "Password.decodeWithContext: expected an object" }]);
    }

    const obj = value as Record<string, unknown>;
    const errors: Array<{ field: string; message: string }> = [];
    if (!("password" in obj)) {
        errors.push({ field: "password", message: "missing required field" });
    }

    const instance: any = {};

    if (obj.__id !== undefined) {
        ctx.register(obj.__id as number, instance);
    }

    ctx.trackForFreeze(instance);

    {
        const __raw_password = obj["password"] as string;

        if (!(typeof __raw_password === "string")) {
            errors.push({ field: "password", message: __raw_password == null ? "Password.password is required" : "expected string" });
        } else {
            if (__raw_password == null) { errors.push({ field: "password", message: "Password.password is required" }); } else {
                if (__raw_password.length === 0) { errors.push({ field: "password", message: "Password.password must not be empty" }); }
            }
            instance.password = __raw_password;
        }
    }

    ctx.pushErrors(errors);

    return instance as Password;
}
export function passwordValidateField<K extends keyof Password>(field: K, value: unknown): Array<{ field: string; message: string }> {
    const errors: Array<{ field: string; message: string }> = [];
    if (field === "password") {
        const __val = value as string;
        if (__val == null) { errors.push({ field: "password", message: "Password.password is required" }); } else {
            if (__val.length === 0) { errors.push({ field: "password", message: "Password.password must not be empty" }); }
        }
    }
    return errors;
}

export function passwordValidateFields(partial: { readonly [K in keyof Password]?: unknown }): Array<{ field: string; message: string }> {
    const errors: Array<{ field: string; message: string }> = [];
    if ("password" in partial && partial.password !== undefined) {
        const __val = partial.password as string;
        if (__val == null) { errors.push({ field: "password", message: "Password.password is required" }); } else {
            if (__val.length === 0) { errors.push({ field: "password", message: "Password.password must not be empty" }); }
        }
    }
    return errors;
}
export function passwordHasShape(obj: unknown): boolean {
    if (typeof obj !== "object" || obj === null || Array.isArray(obj)) {
        return false;
    }
    const o = obj as Record<string, unknown>;
    return "password" in o;
}

export function passwordIs(obj: unknown): obj is Password {
    return passwordHasShape(obj) && passwordDecode(obj).success;
}

/** Nested error structure matching the data shape  */
export type PasswordErrors = {
    _errors: Option.Option<Array<string>>;
    password: Option.Option<Array<string>>;
};

/** Nested boolean structure for tracking touched/dirty fields  */
export type PasswordTainted = {
    password: Option.Option<boolean>;
};

/** Type-safe field controllers for this form  */
export interface PasswordFieldControllers {
    readonly password: FieldController<string>;
}

/** Gigaform instance containing reactive state and field controllers  */
export interface PasswordGigaform {
    readonly data: Password;
    readonly errors: PasswordErrors;
    readonly tainted: PasswordTainted;
    readonly fields: PasswordFieldControllers;
    validate(): Exit.Exit<Password, Array<{ field: string; message: string }>>;
    reset(overrides?: Partial<Password>): void;
}
/** Creates a new Gigaform instance with reactive state and field controllers.  */
export function passwordCreateForm(overrides?: Partial<Password>): PasswordGigaform {
    let data = $state({ ...passwordDefaultValue(), ...overrides });
    let errors = $state<PasswordErrors>({
        _errors: Option.none(),
        password: Option.none(),
    });
    let tainted = $state<PasswordTainted>({
        password: Option.none(),
    });
    const fields = {
        password: {
            name: "password",
            label: "password",
            type: "text",
            optional: false,
            array: false,
            path: ["password"],
            get: () => data.password,
            set: (value: string) => { data.password = value; },
            getError: () => errors.password,
            setError: (value: Option.Option<Array<string>>) => { errors.password = value; },
            getTainted: () => tainted.password,
            setTainted: (value: Option.Option<boolean>) => { tainted.password = value; },
            validate: () => passwordValidateField("password", data.password).map((e: { field: string; message: string }) => e.message),

            constraints: {},


            disabled: false,
            readonly: false,
        },
    } as unknown as PasswordFieldControllers;

    function validate(): Exit.Exit<Password, Array<{ field: string; message: string }>> {
        return toExit(passwordDecode(data));
    }

    function reset(newOverrides?: Partial<Password>): void {
        data = { ...passwordDefaultValue(), ...newOverrides };
        errors = {
            _errors: Option.none(),
            password: Option.none(),
        };
        tainted = {
            password: Option.none(),
        };
    }

    return {
        get data() { return data; },
        set data(v) { data = v; },
        get errors() { return errors; },
        set errors(v) { errors = v; },
        get tainted() { return tainted; },
        set tainted(v) { tainted = v; },
        fields,
        validate,
        reset,
    };
}
/** Parses FormData and validates it, returning a Result with the parsed data or errors. Delegates validation to decode() from @derive(Decode).  */
export function passwordFromFormData(formData: FormData): Exit.Exit<Password, Array<{ field: string; message: string }>> {
    const obj: Record<string, unknown> = {};

    
    obj.password = formData.get("password") ?? "";

    return toExit(passwordDecode(obj));
}

export const Password: {
  readonly defaultValue: typeof passwordDefaultValue;
  readonly encode: typeof passwordEncode;
  readonly encodeWithContext: typeof passwordEncodeWithContext;
  readonly decode: typeof passwordDecode;
  readonly decodeWithContext: typeof passwordDecodeWithContext;
  readonly validateField: typeof passwordValidateField;
  readonly validateFields: typeof passwordValidateFields;
  readonly hasShape: typeof passwordHasShape;
  readonly is: typeof passwordIs;
  readonly createForm: typeof passwordCreateForm;
  readonly fromFormData: typeof passwordFromFormData;
} = {
  defaultValue: passwordDefaultValue,
  encode: passwordEncode,
  encodeWithContext: passwordEncodeWithContext,
  decode: passwordDecode,
  decodeWithContext: passwordDecodeWithContext,
  validateField: passwordValidateField,
  validateFields: passwordValidateFields,
  hasShape: passwordHasShape,
  is: passwordIs,
  createForm: passwordCreateForm,
  fromFormData: passwordFromFormData
};

## DTS

/** import macro {Gigaform} from "@testground/macro"; */
export interface Password {
	password: string;
}
export declare function passwordDefaultValue(): Password;
/** Encodes a value to a JSON string. @param value - The value to encode @param keepMetadata - If true, preserves __type and __id fields in the output @returns JSON string representation  */
export declare function passwordEncode(value: Password, keepMetadata?: boolean): string;
/** Encodes with an existing context for nested/cyclic object graphs. @param value - The value to encode @param ctx - The encoding context  */
export declare function passwordEncodeWithContext(value: Password, ctx: __mf_EncodeContext): Record<string, unknown>;
/** Decodes input to this type. Automatically detects whether input is a JSON string or object. @param input - JSON string or object to decode @param opts - Optional decoding options @returns Result containing the decoded value or validation errors  */
export declare function passwordDecode(input: unknown, opts?: __mf_DecodeOptions): {
	success: true;
	value: Password;
} | {
	success: false;
	errors: Array<{
		field: string;
		message: string;
	}>;
};
/** Decodes with an existing context for nested/cyclic object graphs. @param value - The raw value to decode @param ctx - The decoding context  */
export declare function passwordDecodeWithContext(value: unknown, ctx: __mf_DecodeContext): Password | __mf_PendingRef;
export declare function passwordValidateField<K extends keyof Password>(field: K, value: unknown): Array<{
	field: string;
	message: string;
}>;
export declare function passwordValidateFields(partial: { readonly [K in keyof Password]?: unknown }): Array<{
	field: string;
	message: string;
}>;
export declare function passwordHasShape(obj: unknown): boolean;
export declare function passwordIs(obj: unknown): obj is Password;
/** Nested error structure matching the data shape  */
export type PasswordErrors = {
	_errors: Option.Option<Array<string>>;
	password: Option.Option<Array<string>>;
};
/** Nested boolean structure for tracking touched/dirty fields  */
export type PasswordTainted = {
	password: Option.Option<boolean>;
};
/** Type-safe field controllers for this form  */
export interface PasswordFieldControllers {
	readonly password: FieldController<string>;
}
/** Gigaform instance containing reactive state and field controllers  */
export interface PasswordGigaform {
	readonly data: Password;
	readonly errors: PasswordErrors;
	readonly tainted: PasswordTainted;
	readonly fields: PasswordFieldControllers;
	validate(): Exit.Exit<Password, Array<{
		field: string;
		message: string;
	}>>;
	reset(overrides?: Partial<Password>): void;
}
/** Creates a new Gigaform instance with reactive state and field controllers.  */
export declare function passwordCreateForm(overrides?: Partial<Password>): PasswordGigaform;
/** Parses FormData and validates it, returning a Result with the parsed data or errors. Delegates validation to decode() from @derive(Decode).  */
export declare function passwordFromFormData(formData: FormData): Exit.Exit<Password, Array<{
	field: string;
	message: string;
}>>;
export declare const Password: {
	readonly defaultValue: typeof passwordDefaultValue;
	readonly encode: typeof passwordEncode;
	readonly encodeWithContext: typeof passwordEncodeWithContext;
	readonly decode: typeof passwordDecode;
	readonly decodeWithContext: typeof passwordDecodeWithContext;
	readonly validateField: typeof passwordValidateField;
	readonly validateFields: typeof passwordValidateFields;
	readonly hasShape: typeof passwordHasShape;
	readonly is: typeof passwordIs;
	readonly createForm: typeof passwordCreateForm;
	readonly fromFormData: typeof passwordFromFormData;
};

## Diagnostics

(none)

## Mapping

original 0..58 -> expanded 421..479
original 107..140 -> expanded 479..512
original 181..205 -> expanded 512..536
original 205..206 -> expanded 10890..10891
generated 0..421 <- imports
generated 536..632 <- Default
generated 632..1744 <- Encode
generated 1744..6567 <- Decode
generated 6567..9904 <- Gigaform
generated 9904..10890 <- __convenience_const

## Metadata

interface Password: {"body_span":{"end":206,"start":135},"decorators":[{"args_src":"Default, Encode, Decode, Gigaform","name":"Derive","span":{"end":108,"start":59}}],"fields":[{"decorators":[{"args_src":"{ validate: [\"nonEmpty\"] }","name":"endec","span":{"end":182,"start":141}}],"name":"password","optional":false,"readonly":false,"span":{"end":204,"start":187},"ts_type":"string"}],"heritage":[],"methods":[],"name":"Password","span":{"end":206,"start":116},"type_params":[]}

## Registry reads

Name("string")

## Buildtime dependencies

(none)
