---
source: crates/macroforge_ts/tests/conformance.rs
---
## Source

src/routes/gigaform/records/+page.svelte
sha256 30d415ae94be567fa5b93076b980aaf61a09ccd58ca12e9e08564638cb1eb923

## Changed

false

## Output

(unchanged)

## DTS

(none)

## Diagnostics

(none)

## Mapping

original 0..2745 -> expanded 0..2745

## Metadata

(none)

## Registry reads

(none)

## Buildtime dependencies

(none)
