---
source: crates/macroforge_ts/tests/conformance.rs
---
## Source

src/lib/demo/types/commissions.svelte.ts
sha256 f89ff6d4b744abf29a3f99cd2ce0f51d7eae4dd5f01ea7567380ce3535ef2957

## Changed

true

## Output

import { SerializeContext as __mf_SerializeContext } from "@macroforge/core/serde";
import { DeserializeContext as __mf_DeserializeContext } from "@macroforge/core/serde";
import { DeserializeError as __mf_DeserializeError } from "@macroforge/core/serde";
import type { DeserializeOptions as __mf_DeserializeOptions } from "@macroforge/core/serde";
import { PendingRef as __mf_PendingRef } from "@macroforge/core/serde";
import { Option } from "effect";
import { Exit } from "effect";
import type { FieldController } from "@playground/macro/gigaform";
import { toExit } from "@playground/macro/gigaform";
/** import macro {Gigaform} from "@playground/macro"; */


export interface Commissions {
    
    technician: string;
    
    salesRep: string;
}

export function commissionsDefaultValue(): Commissions {
                        return {
technician: "",
salesRep: "",
};
                    }

/** Serializes a value to a JSON string. @param value - The value to serialize @param keepMetadata - If true, preserves __type and __id fields in the output @returns JSON string representation  */
                export function commissionsSerialize(value: Commissions, keepMetadata?: boolean): string {
                    const ctx = __mf_SerializeContext.create();
                    const __raw = commissionsSerializeWithContext(value, ctx);
                    if (keepMetadata) return JSON.stringify(__raw);
                    return JSON.stringify(__raw, (key, val) => key === "__type" || key === "__id" ? undefined : val);
                }

                /** Serializes with an existing context for nested/cyclic object graphs. @param value - The value to serialize @param ctx - The serialization context  */
                export function commissionsSerializeWithContext(value: Commissions, ctx: __mf_SerializeContext): Record<string, unknown> {

                    const existingId = ctx.getId(value);
                    if (existingId !== undefined) {
                        return { __ref: existingId };
                    }


                    const __id = ctx.register(value);

                    const result: Record<string, unknown> = {
                        "__type": "Commissions",
                        __id,
                    };result.technician = value.technician;result.salesRep = value.salesRep;































































































                    return result;
                }

/** Deserializes input to this interface type.Automatically detects whether input is a JSON string or object.@param input - JSON string or object to deserialize@param opts - Optional deserialization options @returns Result containing the deserialized value or validation errors  */
            export function commissionsDeserialize(input: unknown, opts?: __mf_DeserializeOptions): { success: true; value: Commissions } | { success: false; errors: Array<{ field: string; message: string }> } {
                try {

                    const data = typeof input === "string" ? JSON.parse(input) : input;

                    const ctx = __mf_DeserializeContext.create();
                    const resultOrRef = commissionsDeserializeWithContext(data, ctx);

                    if (__mf_PendingRef.is(resultOrRef)) {
                        return ({
	success: false,
	errors: [{
		field: "_root",
		message: "Commissions.deserialize: root cannot be a forward reference"
	}]
});
                    }

                    ctx.applyPatches();
                    if (opts?.freeze) {
                        ctx.freezeAll();
                    }

                    const __errors = ctx.getErrors();
                    if (__errors.length > 0) {
                        return ({
	success: false,
	errors: __errors
});
                    }

                    return ({
	success: true,
	value: resultOrRef
});
                } catch (e) {
                    if (e instanceof __mf_DeserializeError) {
                        return ({
	success: false,
	errors: e.errors
});
                    }
                    const message = e instanceof Error ? e.message : String(e);
                    return ({
	success: false,
	errors: [{
		field: "_root",
		message
	}]
});
                }
            }

            /** Deserializes with an existing context for nested/cyclic object graphs. @param value - The raw value to deserialize @param ctx - The deserialization context  */
            export function commissionsDeserializeWithContext(value: any, ctx: __mf_DeserializeContext): Commissions | __mf_PendingRef {
                if (value?.__ref !== undefined) {
                    return ctx.getOrDefer(value.__ref);
                }

                if (typeof value !== "object" || value === null || Array.isArray(value)) {
                    throw new __mf_DeserializeError([{ field: "_root", message: "Commissions.deserializeWithContext: expected an object" }]);
                }

                const obj = value as Record<string, unknown>;
                const errors: Array<{ field: string; message: string }> = [];if (!("technician" in obj)) {
                            errors.push({ field: "technician", message: "missing required field" });
                        }if (!("salesRep" in obj)) {
                            errors.push({ field: "salesRep", message: "missing required field" });
                        }







                const instance: any = {};

                if (obj.__id !== undefined) {
                    ctx.register(obj.__id as number, instance);
                }

                ctx.trackForFreeze(instance);{
                                const __raw_technician = obj["technician"] as string;
                                            if (__raw_technician == null) { errors.push({ field: "technician", message: "Commissions.technician is required" }); } else {
if (__raw_technician.length === 0) { errors.push({ field: "technician", message: "Commissions.technician must not be empty" }); }
}
instance.technician = __raw_technician;


































































































































































































































































                            }{
                                const __raw_salesRep = obj["salesRep"] as string;
                                            if (__raw_salesRep == null) { errors.push({ field: "salesRep", message: "Commissions.salesRep is required" }); } else {
if (__raw_salesRep.length === 0) { errors.push({ field: "salesRep", message: "Commissions.salesRep must not be empty" }); }
}
instance.salesRep = __raw_salesRep;


































































































































































































































































                            }
























































































































































































































































































































































































































































































































































































                ctx.pushErrors(errors);

                return instance as Commissions;
            }

            export function commissionsValidateField<K extends keyof Commissions>(
                _field: K,
                _value: Commissions[K]
            ): Array<{ field: string; message: string }> {const errors: Array<{ field: string; message: string }> = [];
                if (_field === "technician") {
                    const __val = _value as string;
                    if (__val == null) { errors.push({ field: "technician", message: "Commissions.technician is required" }); } else {
if (__val.length === 0) { errors.push({ field: "technician", message: "Commissions.technician must not be empty" }); }
}


                }
                if (_field === "salesRep") {
                    const __val = _value as string;
                    if (__val == null) { errors.push({ field: "salesRep", message: "Commissions.salesRep is required" }); } else {
if (__val.length === 0) { errors.push({ field: "salesRep", message: "Commissions.salesRep must not be empty" }); }
}


                }







                return errors;













            }

            export function commissionsValidateFields(
                _partial: Partial<Commissions>
            ): Array<{ field: string; message: string }> {const errors: Array<{ field: string; message: string }> = [];
                if ("technician" in _partial && _partial.technician !== undefined) {
                    const __val = _partial.technician as string;
                    if (__val == null) { errors.push({ field: "technician", message: "Commissions.technician is required" }); } else {
if (__val.length === 0) { errors.push({ field: "technician", message: "Commissions.technician must not be empty" }); }
}


                }
                if ("salesRep" in _partial && _partial.salesRep !== undefined) {
                    const __val = _partial.salesRep as string;
                    if (__val == null) { errors.push({ field: "salesRep", message: "Commissions.salesRep is required" }); } else {
if (__val.length === 0) { errors.push({ field: "salesRep", message: "Commissions.salesRep must not be empty" }); }
}


                }







                return errors;













            }

            export function commissionsHasShape(obj: unknown): boolean {
                if (typeof obj !== "object" || obj === null || Array.isArray(obj)) {
                    return false;
                }
                const o = obj as Record<string, unknown>;
                return "technician" in o && "salesRep" in o;
            }

            export function commissionsIs(obj: unknown): obj is Commissions {
                if (!commissionsHasShape(obj)) {
                    return false;
                }
                const result = commissionsDeserialize(obj);
                return result.success;
            }

/** Nested error structure matching the data shape  */
        export type CommissionsErrors = {
            _errors: Option.Option<Array<string>>;
            technician: Option.Option<Array<string>>;
            salesRep: Option.Option<Array<string>>;


        };

        /** Nested boolean structure for tracking touched/dirty fields  */
        export type CommissionsTainted = {
            technician: Option.Option<boolean>;
            salesRep: Option.Option<boolean>;


        };

        /** Type-safe field controllers for this form  */
        export interface CommissionsFieldControllers {
            readonly technician: FieldController<string>;
            readonly salesRep: FieldController<string>;







        }

        /** Gigaform instance containing reactive state and field controllers  */
        export interface CommissionsGigaform {
            readonly data: Commissions;
            readonly errors: CommissionsErrors;
            readonly tainted: CommissionsTainted;
            readonly fields: CommissionsFieldControllers;
            validate(): Exit.Exit<Commissions, Array<{ field: string; message: string }>>;
            reset(overrides?: Partial<Commissions>): void;
        }
/** Creates a new Gigaform instance with reactive state and field controllers.  */
        export function commissionsCreateForm(overrides?: Partial<Commissions>): CommissionsGigaform {
            let data = $state({ ...commissionsDefaultValue(), ...overrides });
            let errors = $state<CommissionsErrors>({
                _errors: Option.none(),
                technician: Option.none(),
                salesRep: Option.none(),


            });
            let tainted = $state<CommissionsTainted>({
                technician: Option.none(),
                salesRep: Option.none(),


            });
            const fields = {
            
                technician: {
            name: "technician",
            label: "technician",
            type: "text",
            optional: false,
            array: false,
            path: ["technician"],
            get: () => data.technician,
            set: (value: string) => { data.technician = value; },
            getError: () => errors.technician,
            setError: (value: Option.Option<Array<string>>) => { errors.technician = value; },
            getTainted: () => tainted.technician,
            setTainted: (value: Option.Option<boolean>) => { tainted.technician = value; },
            validate: () => commissionsValidateField("technician", data.technician).map((e: { field: string; message: string }) => e.message),
            
            constraints: {},
            
            
            disabled: false,
            readonly: false,
        },
            
                salesRep: {
            name: "salesRep",
            label: "salesRep",
            type: "text",
            optional: false,
            array: false,
            path: ["salesRep"],
            get: () => data.salesRep,
            set: (value: string) => { data.salesRep = value; },
            getError: () => errors.salesRep,
            setError: (value: Option.Option<Array<string>>) => { errors.salesRep = value; },
            getTainted: () => tainted.salesRep,
            setTainted: (value: Option.Option<boolean>) => { tainted.salesRep = value; },
            validate: () => commissionsValidateField("salesRep", data.salesRep).map((e: { field: string; message: string }) => e.message),
            
            constraints: {},
            
            
            disabled: false,
            readonly: false,
        },



        } as unknown as CommissionsFieldControllers;


            function validate(): Exit.Exit<Commissions, Array<{ field: string; message: string }>> {
                return toExit(commissionsDeserialize(data));
            }


            function reset(newOverrides?: Partial<Commissions>): void {
                data = { ...commissionsDefaultValue(), ...newOverrides };
                errors = {
            _errors: Option.none(),
            technician: Option.none(),
            salesRep: Option.none(),


        };
                tainted = {
            technician: Option.none(),
            salesRep: Option.none(),


        };
            }

            return {
                get data() { return data; },
                set data(v) { data = v; },
                get errors() { return errors; },
                set errors(v) { errors = v; },
                get tainted() { return tainted; },
                set tainted(v) { tainted = v; },
                fields,
                validate,
                reset,
            };
        }
/** Parses FormData and validates it, returning a Result with the parsed data or errors. Delegates validation to deserialize() from @derive(Deserialize).  */
        export function commissionsFromFormData(formData: FormData): Exit.Exit<Commissions, Array<{ field: string; message: string }>> {
            const obj: Record<string, unknown> = {};

            
            obj.technician = formData.get("technician") ?? "";
            obj.salesRep = formData.get("salesRep") ?? "";


            return toExit(commissionsDeserialize(obj));
        }

export const Commissions = {
  defaultValue: commissionsDefaultValue,
  serialize: commissionsSerialize,
  serializeWithContext: commissionsSerializeWithContext,
  deserialize: commissionsDeserialize,
  deserializeWithContext: commissionsDeserializeWithContext,
  validateFields: commissionsValidateFields,
  hasShape: commissionsHasShape,
  is: commissionsIs,
  createForm: commissionsCreateForm,
  fromFormData: commissionsFromFormData
} as const;

## DTS

/** import macro {Gigaform} from "@playground/macro"; */


export interface Commissions {
    
    technician: string;
    
    salesRep: string;
}

export function commissionsDefaultValue(): Commissions {
                        return {
technician: "",
salesRep: "",
};
                    }

/** Serializes a value to a JSON string. @param value - The value to serialize @param keepMetadata - If true, preserves __type and __id fields in the output @returns JSON string representation  */
                export function commissionsSerialize(value: Commissions, keepMetadata?: boolean): string {
                    const ctx = __mf_SerializeContext.create();
                    const __raw = commissionsSerializeWithContext(value, ctx);
                    if (keepMetadata) return JSON.stringify(__raw);
                    return JSON.stringify(__raw, (key, val) => key === "__type" || key === "__id" ? undefined : val);
                }

                /** Serializes with an existing context for nested/cyclic object graphs. @param value - The value to serialize @param ctx - The serialization context  */
                export function commissionsSerializeWithContext(value: Commissions, ctx: __mf_SerializeContext): Record<string, unknown> {

                    const existingId = ctx.getId(value);
                    if (existingId !== undefined) {
                        return { __ref: existingId };
                    }


                    const __id = ctx.register(value);

                    const result: Record<string, unknown> = {
                        "__type": "Commissions",
                        __id,
                    };result.technician = value.technician;result.salesRep = value.salesRep;































































































                    return result;
                }

/** Deserializes input to this interface type.Automatically detects whether input is a JSON string or object.@param input - JSON string or object to deserialize@param opts - Optional deserialization options @returns Result containing the deserialized value or validation errors  */
            export function commissionsDeserialize(input: unknown, opts?: __mf_DeserializeOptions): { success: true; value: Commissions } | { success: false; errors: Array<{ field: string; message: string }> } {
                try {

                    const data = typeof input === "string" ? JSON.parse(input) : input;

                    const ctx = __mf_DeserializeContext.create();
                    const resultOrRef = commissionsDeserializeWithContext(data, ctx);

                    if (__mf_PendingRef.is(resultOrRef)) {
                        return ({
	success: false,
	errors: [{
		field: "_root",
		message: "Commissions.deserialize: root cannot be a forward reference"
	}]
});
                    }

                    ctx.applyPatches();
                    if (opts?.freeze) {
                        ctx.freezeAll();
                    }

                    const __errors = ctx.getErrors();
                    if (__errors.length > 0) {
                        return ({
	success: false,
	errors: __errors
});
                    }

                    return ({
	success: true,
	value: resultOrRef
});
                } catch (e) {
                    if (e instanceof __mf_DeserializeError) {
                        return ({
	success: false,
	errors: e.errors
});
                    }
                    const message = e instanceof Error ? e.message : String(e);
                    return ({
	success: false,
	errors: [{
		field: "_root",
		message
	}]
});
                }
            }

            /** Deserializes with an existing context for nested/cyclic object graphs. @param value - The raw value to deserialize @param ctx - The deserialization context  */
            export function commissionsDeserializeWithContext(value: any, ctx: __mf_DeserializeContext): Commissions | __mf_PendingRef {
                if (value?.__ref !== undefined) {
                    return ctx.getOrDefer(value.__ref);
                }

                if (typeof value !== "object" || value === null || Array.isArray(value)) {
                    throw new __mf_DeserializeError([{ field: "_root", message: "Commissions.deserializeWithContext: expected an object" }]);
                }

                const obj = value as Record<string, unknown>;
                const errors: Array<{ field: string; message: string }> = [];if (!("technician" in obj)) {
                            errors.push({ field: "technician", message: "missing required field" });
                        }if (!("salesRep" in obj)) {
                            errors.push({ field: "salesRep", message: "missing required field" });
                        }







                const instance: any = {};

                if (obj.__id !== undefined) {
                    ctx.register(obj.__id as number, instance);
                }

                ctx.trackForFreeze(instance);{
                                const __raw_technician = obj["technician"] as string;
                                            if (__raw_technician == null) { errors.push({ field: "technician", message: "Commissions.technician is required" }); } else {
if (__raw_technician.length === 0) { errors.push({ field: "technician", message: "Commissions.technician must not be empty" }); }
}
instance.technician = __raw_technician;


































































































































































































































































                            }{
                                const __raw_salesRep = obj["salesRep"] as string;
                                            if (__raw_salesRep == null) { errors.push({ field: "salesRep", message: "Commissions.salesRep is required" }); } else {
if (__raw_salesRep.length === 0) { errors.push({ field: "salesRep", message: "Commissions.salesRep must not be empty" }); }
}
instance.salesRep = __raw_salesRep;


































































































































































































































































                            }
























































































































































































































































































































































































































































































































































































                ctx.pushErrors(errors);

                return instance as Commissions;
            }

            export function commissionsValidateField<K extends keyof Commissions>(
                _field: K,
                _value: Commissions[K]
            ): Array<{ field: string; message: string }> {const errors: Array<{ field: string; message: string }> = [];
                if (_field === "technician") {
                    const __val = _value as string;
                    if (__val == null) { errors.push({ field: "technician", message: "Commissions.technician is required" }); } else {
if (__val.length === 0) { errors.push({ field: "technician", message: "Commissions.technician must not be empty" }); }
}


                }
                if (_field === "salesRep") {
                    const __val = _value as string;
                    if (__val == null) { errors.push({ field: "salesRep", message: "Commissions.salesRep is required" }); } else {
if (__val.length === 0) { errors.push({ field: "salesRep", message: "Commissions.salesRep must not be empty" }); }
}


                }







                return errors;













            }

            export function commissionsValidateFields(
                _partial: Partial<Commissions>
            ): Array<{ field: string; message: string }> {const errors: Array<{ field: string; message: string }> = [];
                if ("technician" in _partial && _partial.technician !== undefined) {
                    const __val = _partial.technician as string;
                    if (__val == null) { errors.push({ field: "technician", message: "Commissions.technician is required" }); } else {
if (__val.length === 0) { errors.push({ field: "technician", message: "Commissions.technician must not be empty" }); }
}


                }
                if ("salesRep" in _partial && _partial.salesRep !== undefined) {
                    const __val = _partial.salesRep as string;
                    if (__val == null) { errors.push({ field: "salesRep", message: "Commissions.salesRep is required" }); } else {
if (__val.length === 0) { errors.push({ field: "salesRep", message: "Commissions.salesRep must not be empty" }); }
}


                }







                return errors;













            }

            export function commissionsHasShape(obj: unknown): boolean {
                if (typeof obj !== "object" || obj === null || Array.isArray(obj)) {
                    return false;
                }
                const o = obj as Record<string, unknown>;
                return "technician" in o && "salesRep" in o;
            }

            export function commissionsIs(obj: unknown): obj is Commissions {
                if (!commissionsHasShape(obj)) {
                    return false;
                }
                const result = commissionsDeserialize(obj);
                return result.success;
            }

/** Nested error structure matching the data shape  */
        export type CommissionsErrors = {
            _errors: Option.Option<Array<string>>;
            technician: Option.Option<Array<string>>;
            salesRep: Option.Option<Array<string>>;


        };

        /** Nested boolean structure for tracking touched/dirty fields  */
        export type CommissionsTainted = {
            technician: Option.Option<boolean>;
            salesRep: Option.Option<boolean>;


        };

        /** Type-safe field controllers for this form  */
        export interface CommissionsFieldControllers {
            readonly technician: FieldController<string>;
            readonly salesRep: FieldController<string>;







        }

        /** Gigaform instance containing reactive state and field controllers  */
        export interface CommissionsGigaform {
            readonly data: Commissions;
            readonly errors: CommissionsErrors;
            readonly tainted: CommissionsTainted;
            readonly fields: CommissionsFieldControllers;
            validate(): Exit.Exit<Commissions, Array<{ field: string; message: string }>>;
            reset(overrides?: Partial<Commissions>): void;
        }
/** Creates a new Gigaform instance with reactive state and field controllers.  */
        export function commissionsCreateForm(overrides?: Partial<Commissions>): CommissionsGigaform {
            let data = $state({ ...commissionsDefaultValue(), ...overrides });
            let errors = $state<CommissionsErrors>({
                _errors: Option.none(),
                technician: Option.none(),
                salesRep: Option.none(),


            });
            let tainted = $state<CommissionsTainted>({
                technician: Option.none(),
                salesRep: Option.none(),


            });
            const fields = {
            
                technician: {
            name: "technician",
            label: "technician",
            type: "text",
            optional: false,
            array: false,
            path: ["technician"],
            get: () => data.technician,
            set: (value: string) => { data.technician = value; },
            getError: () => errors.technician,
            setError: (value: Option.Option<Array<string>>) => { errors.technician = value; },
            getTainted: () => tainted.technician,
            setTainted: (value: Option.Option<boolean>) => { tainted.technician = value; },
            validate: () => commissionsValidateField("technician", data.technician).map((e: { field: string; message: string }) => e.message),
            
            constraints: {},
            
            
            disabled: false,
            readonly: false,
        },
            
                salesRep: {
            name: "salesRep",
            label: "salesRep",
            type: "text",
            optional: false,
            array: false,
            path: ["salesRep"],
            get: () => data.salesRep,
            set: (value: string) => { data.salesRep = value; },
            getError: () => errors.salesRep,
            setError: (value: Option.Option<Array<string>>) => { errors.salesRep = value; },
            getTainted: () => tainted.salesRep,
            setTainted: (value: Option.Option<boolean>) => { tainted.salesRep = value; },
            validate: () => commissionsValidateField("salesRep", data.salesRep).map((e: { field: string; message: string }) => e.message),
            
            constraints: {},
            
            
            disabled: false,
            readonly: false,
        },



        } as unknown as CommissionsFieldControllers;


            function validate(): Exit.Exit<Commissions, Array<{ field: string; message: string }>> {
                return toExit(commissionsDeserialize(data));
            }


            function reset(newOverrides?: Partial<Commissions>): void {
                data = { ...commissionsDefaultValue(), ...newOverrides };
                errors = {
            _errors: Option.none(),
            technician: Option.none(),
            salesRep: Option.none(),


        };
                tainted = {
            technician: Option.none(),
            salesRep: Option.none(),


        };
            }

            return {
                get data() { return data; },
                set data(v) { data = v; },
                get errors() { return errors; },
                set errors(v) { errors = v; },
                get tainted() { return tainted; },
                set tainted(v) { tainted = v; },
                fields,
                validate,
                reset,
            };
        }
/** Parses FormData and validates it, returning a Result with the parsed data or errors. Delegates validation to deserialize() from @derive(Deserialize).  */
        export function commissionsFromFormData(formData: FormData): Exit.Exit<Commissions, Array<{ field: string; message: string }>> {
            const obj: Record<string, unknown> = {};

            
            obj.technician = formData.get("technician") ?? "";
            obj.salesRep = formData.get("salesRep") ?? "";


            return toExit(commissionsDeserialize(obj));
        }

export const Commissions = {
  defaultValue: commissionsDefaultValue,
  serialize: commissionsSerialize,
  serializeWithContext: commissionsSerializeWithContext,
  deserialize: commissionsDeserialize,
  deserializeWithContext: commissionsDeserializeWithContext,
  validateFields: commissionsValidateFields,
  hasShape: commissionsHasShape,
  is: commissionsIs,
  createForm: commissionsCreateForm,
  fromFormData: commissionsFromFormData
} as const;

## Diagnostics

(none)

## Mapping

original 0..58 -> expanded 0..58
original 115..151 -> expanded 58..94
original 192..221 -> expanded 94..123
original 262..286 -> expanded 123..147
original 286..287 -> expanded 15681..15682
generated 147..293 <- Default
generated 293..1880 <- Serialize
generated 1880..9976 <- Deserialize
generated 9976..15230 <- Gigaform
generated 15230..15681 <- __convenience_const

## Metadata

interface Commissions: {"body_span":{"end":287,"start":146},"decorators":[{"args_src":"Default, Serialize, Deserialize, Gigaform","name":"Derive","span":{"end":116,"start":59}}],"fields":[{"decorators":[{"args_src":"{ validate: [\"nonEmpty\"] }","name":"serde","span":{"end":193,"start":152}}],"name":"technician","optional":false,"readonly":false,"span":{"end":217,"start":198},"ts_type":"string"},{"decorators":[{"args_src":"{ validate: [\"nonEmpty\"] }","name":"serde","span":{"end":263,"start":222}}],"name":"salesRep","optional":false,"readonly":false,"span":{"end":285,"start":268},"ts_type":"string"}],"heritage":[],"methods":[],"name":"Commissions","span":{"end":287,"start":124},"type_params":[]}

## Registry reads

Name("string")

## Buildtime dependencies

(none)
