---
source: crates/macroforge_ts/tests/conformance.rs
---
## Source

src/lib/e2e/fixture.ts
sha256 0b29cca79929d0b8f34ee71935c2ef6a5c22ea4615bca17e606675354ea9ef9b

## Changed

false

## Output

(unchanged)

## DTS

(none)

## Diagnostics

(none)

## Mapping

(none)

## Metadata

(none)

## Registry reads

(none)

## Buildtime dependencies

(none)
