---
source: crates/macroforge_ts/tests/conformance.rs
---
## Source

src/lib/demo/attributes-demo.ts
sha256 6c47e3338d32af1b38c98d41dfdf03a45aa3955e0d230f5d3ab45314c0778fe3

## Changed

true

## Output

// Mirror of `playground/vanilla/src/attributes-test.ts` for the SvelteKit
// playground. The two fixtures share the same set of annotations so the
// vanilla and svelte e2e suites stay in lockstep — fixing a bug in one
// playground's expansion uncovers it in the other.
//
// `playground/svelte/macroforge.config.ts` sets
// `cfg.features = ['playground']` and `cfg.target = 'web'`.


export function keptByPlayground(): string {
    return 'kept-by-feature';
}




export function keptByWebTarget(): string {
    return 'kept-by-target';
}



/** @deprecated use renderV2 instead */
export function renderV1(): string {
    return 'render-v1';
}


export function openConnection(): { close: () => void } {
    return { close() {} };
}


export type ServerStatus = ('green' | 'yellow' | 'red') & { readonly __nonExhaustive: unique symbol };

// External code constructing a `ServerStatus` must cast through the brand
// `@nonExhaustive` adds — that's the whole point of the brand.
export const exampleStatus = 'green' as ServerStatus;

// Consume the @mustUse return value so no diagnostic fires at build time.
const handle = openConnection();
handle.close();

## DTS

(none)

## Diagnostics

(none)

## Mapping

original 0..1166 -> expanded 0..1166

## Metadata

type ServerStatus: {"body":{"Intersection":[{"decorators":[],"kind":{"TypeRef":"'green' | 'yellow' | 'red'"}},{"decorators":[],"kind":{"Object":{"fields":[{"decorators":[],"name":"__nonExhaustive","optional":false,"readonly":true,"span":{"end":842,"start":803},"ts_type":"unique symbol"}]}}}]},"decorators":[],"name":"ServerStatus","span":{"end":845,"start":750},"type_params":[]}

## Registry reads

(none)

## Buildtime dependencies

(none)
