---
source: crates/macroforge_ts/tests/conformance.rs
---
## Source

src/lib/demo/types/recurrence-rule.svelte.ts
sha256 584f4b7ba32d16e20c9adbaffc9b8138472246d14c0cfe47734f48a9292721ea

## Changed

true

## Output

import { intervalDeserializeWithContext } from "./interval.svelte";
import { recurrenceEndDeserializeWithContext } from "./recurrence-end.svelte";
import { intervalSerializeWithContext } from "./interval.svelte";
import { recurrenceEndSerializeWithContext } from "./recurrence-end.svelte";
import { intervalDefaultValue } from "./interval.svelte";
import { SerializeContext as __mf_SerializeContext } from "@macroforge/core/serde";
import { DeserializeContext as __mf_DeserializeContext } from "@macroforge/core/serde";
import { DeserializeError as __mf_DeserializeError } from "@macroforge/core/serde";
import type { DeserializeOptions as __mf_DeserializeOptions } from "@macroforge/core/serde";
import { PendingRef as __mf_PendingRef } from "@macroforge/core/serde";
import { Option } from "effect";
import { Exit } from "effect";
import type { FieldController } from "@playground/macro/gigaform";
import { toExit } from "@playground/macro/gigaform";
/** import macro {Gigaform} from "@playground/macro"; */

import type { Interval } from './interval.svelte';
import type { RecurrenceEnd } from './recurrence-end.svelte';


export interface RecurrenceRule {
    interval: Interval;
    recurrenceBegins: string;
    recurrenceEnds: RecurrenceEnd | null;
    cancelledInstances: Array<string> | null;
    additionalInstances: Array<string> | null;
}

export function recurrenceRuleDefaultValue(): RecurrenceRule {
                        return {
interval: intervalDefaultValue(),
recurrenceBegins: "",
recurrenceEnds: null,
cancelledInstances: null,
additionalInstances: null,
};
                    }

/** Serializes a value to a JSON string. @param value - The value to serialize @param keepMetadata - If true, preserves __type and __id fields in the output @returns JSON string representation  */
                export function recurrenceRuleSerialize(value: RecurrenceRule, keepMetadata?: boolean): string {
                    const ctx = __mf_SerializeContext.create();
                    const __raw = recurrenceRuleSerializeWithContext(value, ctx);
                    if (keepMetadata) return JSON.stringify(__raw);
                    return JSON.stringify(__raw, (key, val) => key === "__type" || key === "__id" ? undefined : val);
                }

                /** Serializes with an existing context for nested/cyclic object graphs. @param value - The value to serialize @param ctx - The serialization context  */
                export function recurrenceRuleSerializeWithContext(value: RecurrenceRule, ctx: __mf_SerializeContext): Record<string, unknown> {

                    const existingId = ctx.getId(value);
                    if (existingId !== undefined) {
                        return { __ref: existingId };
                    }


                    const __id = ctx.register(value);

                    const result: Record<string, unknown> = {
                        "__type": "RecurrenceRule",
                        __id,
                    };result.interval = intervalSerializeWithContext(value.interval, ctx);result.recurrenceBegins = value.recurrenceBegins;if (value.recurrenceEnds !== null) {
                                                    result.recurrenceEnds = recurrenceEndSerializeWithContext(value.recurrenceEnds, ctx);





                                            } else {
                                                result.recurrenceEnds = null;
                                            }if (value.cancelledInstances !== null) {result.cancelledInstances = value.cancelledInstances;





                                            } else {
                                                result.cancelledInstances = null;
                                            }if (value.additionalInstances !== null) {result.additionalInstances = value.additionalInstances;





                                            } else {
                                                result.additionalInstances = null;
                                            }































































































                    return result;
                }

/** Deserializes input to this interface type.Automatically detects whether input is a JSON string or object.@param input - JSON string or object to deserialize@param opts - Optional deserialization options @returns Result containing the deserialized value or validation errors  */
            export function recurrenceRuleDeserialize(input: unknown, opts?: __mf_DeserializeOptions): { success: true; value: RecurrenceRule } | { success: false; errors: Array<{ field: string; message: string }> } {
                try {

                    const data = typeof input === "string" ? JSON.parse(input) : input;

                    const ctx = __mf_DeserializeContext.create();
                    const resultOrRef = recurrenceRuleDeserializeWithContext(data, ctx);

                    if (__mf_PendingRef.is(resultOrRef)) {
                        return ({
	success: false,
	errors: [{
		field: "_root",
		message: "RecurrenceRule.deserialize: root cannot be a forward reference"
	}]
});
                    }

                    ctx.applyPatches();
                    if (opts?.freeze) {
                        ctx.freezeAll();
                    }

                    const __errors = ctx.getErrors();
                    if (__errors.length > 0) {
                        return ({
	success: false,
	errors: __errors
});
                    }

                    return ({
	success: true,
	value: resultOrRef
});
                } catch (e) {
                    if (e instanceof __mf_DeserializeError) {
                        return ({
	success: false,
	errors: e.errors
});
                    }
                    const message = e instanceof Error ? e.message : String(e);
                    return ({
	success: false,
	errors: [{
		field: "_root",
		message
	}]
});
                }
            }

            /** Deserializes with an existing context for nested/cyclic object graphs. @param value - The raw value to deserialize @param ctx - The deserialization context  */
            export function recurrenceRuleDeserializeWithContext(value: any, ctx: __mf_DeserializeContext): RecurrenceRule | __mf_PendingRef {
                if (value?.__ref !== undefined) {
                    return ctx.getOrDefer(value.__ref);
                }

                if (typeof value !== "object" || value === null || Array.isArray(value)) {
                    throw new __mf_DeserializeError([{ field: "_root", message: "RecurrenceRule.deserializeWithContext: expected an object" }]);
                }

                const obj = value as Record<string, unknown>;
                const errors: Array<{ field: string; message: string }> = [];if (!("interval" in obj)) {
                            errors.push({ field: "interval", message: "missing required field" });
                        }if (!("recurrenceBegins" in obj)) {
                            errors.push({ field: "recurrenceBegins", message: "missing required field" });
                        }if (!("recurrenceEnds" in obj)) {
                            errors.push({ field: "recurrenceEnds", message: "missing required field" });
                        }if (!("cancelledInstances" in obj)) {
                            errors.push({ field: "cancelledInstances", message: "missing required field" });
                        }if (!("additionalInstances" in obj)) {
                            errors.push({ field: "additionalInstances", message: "missing required field" });
                        }







                const instance: any = {};

                if (obj.__id !== undefined) {
                    ctx.register(obj.__id as number, instance);
                }

                ctx.trackForFreeze(instance);{
                                const __raw_interval = obj["interval"] as Interval;ctx.pushScope("interval");
                                            try {
                                                const __result = intervalDeserializeWithContext(__raw_interval, ctx);
                                                ctx.assignOrDefer(instance, "interval", __result);
                                            } catch (__e) {
                                                if (__e instanceof __mf_DeserializeError) {
                                                    for (const __err of __e.errors) {
                                                        errors.push({
                                                            field: __err.field === "_root" ? "interval" : "interval." + __err.field,
                                                            message: __err.message
                                                        });
                                                    }
                                                } else {
                                                    throw __e;
                                                }
                                            } finally {
                                                ctx.popScope();
                                            }


































































































































































































































































                            }{
                                const __raw_recurrenceBegins = obj["recurrenceBegins"] as string;instance.recurrenceBegins = __raw_recurrenceBegins;


































































































































































































































































                            }{
                                const __raw_recurrenceEnds = obj["recurrenceEnds"] as RecurrenceEnd | null;if (__raw_recurrenceEnds === null) {
                                                    instance.recurrenceEnds = null;
                                                } else {
                                                        ctx.pushScope("recurrenceEnds");
                                                        try {
                                                            const __result = recurrenceEndDeserializeWithContext(__raw_recurrenceEnds, ctx);
                                                            ctx.assignOrDefer(instance, "recurrenceEnds", __result);
                                                        } catch (__e) {
                                                            if (__e instanceof __mf_DeserializeError) {
                                                                for (const __err of __e.errors) {
                                                                    errors.push({
                                                                        field: __err.field === "_root" ? "recurrenceEnds" : "recurrenceEnds." + __err.field,
                                                                        message: __err.message
                                                                    });
                                                                }
                                                            } else {
                                                                throw __e;
                                                            }
                                                        } finally {
                                                            ctx.popScope();
                                                        }






















                                                }


































































































































































































































































                            }{
                                const __raw_cancelledInstances = obj["cancelledInstances"] as Array<string> | null;if (__raw_cancelledInstances === null) {
                                                    instance.cancelledInstances = null;
                                                } else {instance.cancelledInstances = __raw_cancelledInstances;






















                                                }


































































































































































































































































                            }{
                                const __raw_additionalInstances = obj["additionalInstances"] as Array<string> | null;if (__raw_additionalInstances === null) {
                                                    instance.additionalInstances = null;
                                                } else {instance.additionalInstances = __raw_additionalInstances;






















                                                }


































































































































































































































































                            }
























































































































































































































































































































































































































































































































































































                ctx.pushErrors(errors);

                return instance as RecurrenceRule;
            }

            export function recurrenceRuleValidateField<K extends keyof RecurrenceRule>(
                _field: K,
                _value: RecurrenceRule[K]
            ): Array<{ field: string; message: string }> {return [];













            }

            export function recurrenceRuleValidateFields(
                _partial: Partial<RecurrenceRule>
            ): Array<{ field: string; message: string }> {return [];













            }

            export function recurrenceRuleHasShape(obj: unknown): boolean {
                if (typeof obj !== "object" || obj === null || Array.isArray(obj)) {
                    return false;
                }
                const o = obj as Record<string, unknown>;
                return "interval" in o && "recurrenceBegins" in o && "recurrenceEnds" in o && "cancelledInstances" in o && "additionalInstances" in o;
            }

            export function recurrenceRuleIs(obj: unknown): obj is RecurrenceRule {
                if (!recurrenceRuleHasShape(obj)) {
                    return false;
                }
                const result = recurrenceRuleDeserialize(obj);
                return result.success;
            }

/** Nested error structure matching the data shape  */
        export type RecurrenceRuleErrors = {
            _errors: Option.Option<Array<string>>;
            interval: Option.Option<Array<string>>;
            recurrenceBegins: Option.Option<Array<string>>;
            recurrenceEnds: Option.Option<Array<string>>;
            cancelledInstances: Option.Option<Array<string>>;
            additionalInstances: Option.Option<Array<string>>;


        };

        /** Nested boolean structure for tracking touched/dirty fields  */
        export type RecurrenceRuleTainted = {
            interval: Option.Option<boolean>;
            recurrenceBegins: Option.Option<boolean>;
            recurrenceEnds: Option.Option<boolean>;
            cancelledInstances: Option.Option<boolean>;
            additionalInstances: Option.Option<boolean>;


        };

        /** Type-safe field controllers for this form  */
        export interface RecurrenceRuleFieldControllers {
            readonly interval: FieldController<Interval>;
            readonly recurrenceBegins: FieldController<string>;
            readonly recurrenceEnds: FieldController<RecurrenceEnd | null>;
            readonly cancelledInstances: FieldController<Array<string> | null>;
            readonly additionalInstances: FieldController<Array<string> | null>;







        }

        /** Gigaform instance containing reactive state and field controllers  */
        export interface RecurrenceRuleGigaform {
            readonly data: RecurrenceRule;
            readonly errors: RecurrenceRuleErrors;
            readonly tainted: RecurrenceRuleTainted;
            readonly fields: RecurrenceRuleFieldControllers;
            validate(): Exit.Exit<RecurrenceRule, Array<{ field: string; message: string }>>;
            reset(overrides?: Partial<RecurrenceRule>): void;
        }
/** Creates a new Gigaform instance with reactive state and field controllers.  */
        export function recurrenceRuleCreateForm(overrides?: Partial<RecurrenceRule>): RecurrenceRuleGigaform {
            let data = $state({ ...recurrenceRuleDefaultValue(), ...overrides });
            let errors = $state<RecurrenceRuleErrors>({
                _errors: Option.none(),
                interval: Option.none(),
                recurrenceBegins: Option.none(),
                recurrenceEnds: Option.none(),
                cancelledInstances: Option.none(),
                additionalInstances: Option.none(),


            });
            let tainted = $state<RecurrenceRuleTainted>({
                interval: Option.none(),
                recurrenceBegins: Option.none(),
                recurrenceEnds: Option.none(),
                cancelledInstances: Option.none(),
                additionalInstances: Option.none(),


            });
            const fields = {
            
                interval: {
            name: "interval",
            label: "interval",
            type: "text",
            optional: false,
            array: false,
            path: ["interval"],
            get: () => data.interval,
            set: (value: Interval) => { data.interval = value; },
            getError: () => errors.interval,
            setError: (value: Option.Option<Array<string>>) => { errors.interval = value; },
            getTainted: () => tainted.interval,
            setTainted: (value: Option.Option<boolean>) => { tainted.interval = value; },
            validate: () => recurrenceRuleValidateField("interval", data.interval).map((e: { field: string; message: string }) => e.message),
            
            constraints: {},
            
            
            disabled: false,
            readonly: false,
        },
            
                recurrenceBegins: {
            name: "recurrenceBegins",
            label: "recurrenceBegins",
            type: "text",
            optional: false,
            array: false,
            path: ["recurrenceBegins"],
            get: () => data.recurrenceBegins,
            set: (value: string) => { data.recurrenceBegins = value; },
            getError: () => errors.recurrenceBegins,
            setError: (value: Option.Option<Array<string>>) => { errors.recurrenceBegins = value; },
            getTainted: () => tainted.recurrenceBegins,
            setTainted: (value: Option.Option<boolean>) => { tainted.recurrenceBegins = value; },
            validate: () => recurrenceRuleValidateField("recurrenceBegins", data.recurrenceBegins).map((e: { field: string; message: string }) => e.message),
            
            constraints: {},
            
            
            disabled: false,
            readonly: false,
        },
            
                recurrenceEnds: {
            name: "recurrenceEnds",
            label: "recurrenceEnds",
            type: "text",
            optional: false,
            array: false,
            path: ["recurrenceEnds"],
            get: () => data.recurrenceEnds,
            set: (value: RecurrenceEnd | null) => { data.recurrenceEnds = value; },
            getError: () => errors.recurrenceEnds,
            setError: (value: Option.Option<Array<string>>) => { errors.recurrenceEnds = value; },
            getTainted: () => tainted.recurrenceEnds,
            setTainted: (value: Option.Option<boolean>) => { tainted.recurrenceEnds = value; },
            validate: () => recurrenceRuleValidateField("recurrenceEnds", data.recurrenceEnds).map((e: { field: string; message: string }) => e.message),
            
            constraints: {},
            
            
            disabled: false,
            readonly: false,
        },
            
                cancelledInstances: {
            name: "cancelledInstances",
            label: "cancelledInstances",
            type: "text",
            optional: false,
            array: false,
            path: ["cancelledInstances"],
            get: () => data.cancelledInstances,
            set: (value: Array<string> | null) => { data.cancelledInstances = value; },
            getError: () => errors.cancelledInstances,
            setError: (value: Option.Option<Array<string>>) => { errors.cancelledInstances = value; },
            getTainted: () => tainted.cancelledInstances,
            setTainted: (value: Option.Option<boolean>) => { tainted.cancelledInstances = value; },
            validate: () => recurrenceRuleValidateField("cancelledInstances", data.cancelledInstances).map((e: { field: string; message: string }) => e.message),
            
            constraints: {},
            
            
            disabled: false,
            readonly: false,
        },
            
                additionalInstances: {
            name: "additionalInstances",
            label: "additionalInstances",
            type: "text",
            optional: false,
            array: false,
            path: ["additionalInstances"],
            get: () => data.additionalInstances,
            set: (value: Array<string> | null) => { data.additionalInstances = value; },
            getError: () => errors.additionalInstances,
            setError: (value: Option.Option<Array<string>>) => { errors.additionalInstances = value; },
            getTainted: () => tainted.additionalInstances,
            setTainted: (value: Option.Option<boolean>) => { tainted.additionalInstances = value; },
            validate: () => recurrenceRuleValidateField("additionalInstances", data.additionalInstances).map((e: { field: string; message: string }) => e.message),
            
            constraints: {},
            
            
            disabled: false,
            readonly: false,
        },



        } as unknown as RecurrenceRuleFieldControllers;


            function validate(): Exit.Exit<RecurrenceRule, Array<{ field: string; message: string }>> {
                return toExit(recurrenceRuleDeserialize(data));
            }


            function reset(newOverrides?: Partial<RecurrenceRule>): void {
                data = { ...recurrenceRuleDefaultValue(), ...newOverrides };
                errors = {
            _errors: Option.none(),
            interval: Option.none(),
            recurrenceBegins: Option.none(),
            recurrenceEnds: Option.none(),
            cancelledInstances: Option.none(),
            additionalInstances: Option.none(),


        };
                tainted = {
            interval: Option.none(),
            recurrenceBegins: Option.none(),
            recurrenceEnds: Option.none(),
            cancelledInstances: Option.none(),
            additionalInstances: Option.none(),


        };
            }

            return {
                get data() { return data; },
                set data(v) { data = v; },
                get errors() { return errors; },
                set errors(v) { errors = v; },
                get tainted() { return tainted; },
                set tainted(v) { tainted = v; },
                fields,
                validate,
                reset,
            };
        }
/** Parses FormData and validates it, returning a Result with the parsed data or errors. Delegates validation to deserialize() from @derive(Deserialize).  */
        export function recurrenceRuleFromFormData(formData: FormData): Exit.Exit<RecurrenceRule, Array<{ field: string; message: string }>> {
            const obj: Record<string, unknown> = {};

            
            {

            const intervalObj: Record<string, unknown> = {};
            for (const [key, value] of Array.from(formData.entries())) {
                if (key.startsWith("interval.")) {
                    const fieldName = key.slice("interval.".length);

                    const parts = fieldName.split(".");
                    let current = intervalObj;
                    for (let i = 0; i < parts.length - 1; i++) {
                        const part = parts[i]!;
                        if (!(part in current)) {
                            current[part] = {};
                        }
                        current = current[part] as Record<string, unknown>;
                    }
                    current[parts[parts.length - 1]!] = value;
                }
            }
            obj.interval = intervalObj;
        }
            obj.recurrenceBegins = formData.get("recurrenceBegins") ?? "";
            obj.recurrenceEnds = formData.get("recurrenceEnds") ?? "";
            obj.cancelledInstances = formData.get("cancelledInstances") ?? "";
            obj.additionalInstances = formData.get("additionalInstances") ?? "";


            return toExit(recurrenceRuleDeserialize(obj));
        }

export const RecurrenceRule = {
  defaultValue: recurrenceRuleDefaultValue,
  serialize: recurrenceRuleSerialize,
  serializeWithContext: recurrenceRuleSerializeWithContext,
  deserialize: recurrenceRuleDeserialize,
  deserializeWithContext: recurrenceRuleDeserializeWithContext,
  validateFields: recurrenceRuleValidateFields,
  hasShape: recurrenceRuleHasShape,
  is: recurrenceRuleIs,
  createForm: recurrenceRuleCreateForm,
  fromFormData: recurrenceRuleFromFormData
} as const;

## DTS

/** import macro {Gigaform} from "@playground/macro"; */

import type { Interval } from './interval.svelte';
import type { RecurrenceEnd } from './recurrence-end.svelte';


export interface RecurrenceRule {
    interval: Interval;
    recurrenceBegins: string;
    recurrenceEnds: RecurrenceEnd | null;
    cancelledInstances: Array<string> | null;
    additionalInstances: Array<string> | null;
}

export function recurrenceRuleDefaultValue(): RecurrenceRule {
                        return {
interval: intervalDefaultValue(),
recurrenceBegins: "",
recurrenceEnds: null,
cancelledInstances: null,
additionalInstances: null,
};
                    }

/** Serializes a value to a JSON string. @param value - The value to serialize @param keepMetadata - If true, preserves __type and __id fields in the output @returns JSON string representation  */
                export function recurrenceRuleSerialize(value: RecurrenceRule, keepMetadata?: boolean): string {
                    const ctx = __mf_SerializeContext.create();
                    const __raw = recurrenceRuleSerializeWithContext(value, ctx);
                    if (keepMetadata) return JSON.stringify(__raw);
                    return JSON.stringify(__raw, (key, val) => key === "__type" || key === "__id" ? undefined : val);
                }

                /** Serializes with an existing context for nested/cyclic object graphs. @param value - The value to serialize @param ctx - The serialization context  */
                export function recurrenceRuleSerializeWithContext(value: RecurrenceRule, ctx: __mf_SerializeContext): Record<string, unknown> {

                    const existingId = ctx.getId(value);
                    if (existingId !== undefined) {
                        return { __ref: existingId };
                    }


                    const __id = ctx.register(value);

                    const result: Record<string, unknown> = {
                        "__type": "RecurrenceRule",
                        __id,
                    };result.interval = intervalSerializeWithContext(value.interval, ctx);result.recurrenceBegins = value.recurrenceBegins;if (value.recurrenceEnds !== null) {
                                                    result.recurrenceEnds = recurrenceEndSerializeWithContext(value.recurrenceEnds, ctx);





                                            } else {
                                                result.recurrenceEnds = null;
                                            }if (value.cancelledInstances !== null) {result.cancelledInstances = value.cancelledInstances;





                                            } else {
                                                result.cancelledInstances = null;
                                            }if (value.additionalInstances !== null) {result.additionalInstances = value.additionalInstances;





                                            } else {
                                                result.additionalInstances = null;
                                            }































































































                    return result;
                }

/** Deserializes input to this interface type.Automatically detects whether input is a JSON string or object.@param input - JSON string or object to deserialize@param opts - Optional deserialization options @returns Result containing the deserialized value or validation errors  */
            export function recurrenceRuleDeserialize(input: unknown, opts?: __mf_DeserializeOptions): { success: true; value: RecurrenceRule } | { success: false; errors: Array<{ field: string; message: string }> } {
                try {

                    const data = typeof input === "string" ? JSON.parse(input) : input;

                    const ctx = __mf_DeserializeContext.create();
                    const resultOrRef = recurrenceRuleDeserializeWithContext(data, ctx);

                    if (__mf_PendingRef.is(resultOrRef)) {
                        return ({
	success: false,
	errors: [{
		field: "_root",
		message: "RecurrenceRule.deserialize: root cannot be a forward reference"
	}]
});
                    }

                    ctx.applyPatches();
                    if (opts?.freeze) {
                        ctx.freezeAll();
                    }

                    const __errors = ctx.getErrors();
                    if (__errors.length > 0) {
                        return ({
	success: false,
	errors: __errors
});
                    }

                    return ({
	success: true,
	value: resultOrRef
});
                } catch (e) {
                    if (e instanceof __mf_DeserializeError) {
                        return ({
	success: false,
	errors: e.errors
});
                    }
                    const message = e instanceof Error ? e.message : String(e);
                    return ({
	success: false,
	errors: [{
		field: "_root",
		message
	}]
});
                }
            }

            /** Deserializes with an existing context for nested/cyclic object graphs. @param value - The raw value to deserialize @param ctx - The deserialization context  */
            export function recurrenceRuleDeserializeWithContext(value: any, ctx: __mf_DeserializeContext): RecurrenceRule | __mf_PendingRef {
                if (value?.__ref !== undefined) {
                    return ctx.getOrDefer(value.__ref);
                }

                if (typeof value !== "object" || value === null || Array.isArray(value)) {
                    throw new __mf_DeserializeError([{ field: "_root", message: "RecurrenceRule.deserializeWithContext: expected an object" }]);
                }

                const obj = value as Record<string, unknown>;
                const errors: Array<{ field: string; message: string }> = [];if (!("interval" in obj)) {
                            errors.push({ field: "interval", message: "missing required field" });
                        }if (!("recurrenceBegins" in obj)) {
                            errors.push({ field: "recurrenceBegins", message: "missing required field" });
                        }if (!("recurrenceEnds" in obj)) {
                            errors.push({ field: "recurrenceEnds", message: "missing required field" });
                        }if (!("cancelledInstances" in obj)) {
                            errors.push({ field: "cancelledInstances", message: "missing required field" });
                        }if (!("additionalInstances" in obj)) {
                            errors.push({ field: "additionalInstances", message: "missing required field" });
                        }







                const instance: any = {};

                if (obj.__id !== undefined) {
                    ctx.register(obj.__id as number, instance);
                }

                ctx.trackForFreeze(instance);{
                                const __raw_interval = obj["interval"] as Interval;ctx.pushScope("interval");
                                            try {
                                                const __result = intervalDeserializeWithContext(__raw_interval, ctx);
                                                ctx.assignOrDefer(instance, "interval", __result);
                                            } catch (__e) {
                                                if (__e instanceof __mf_DeserializeError) {
                                                    for (const __err of __e.errors) {
                                                        errors.push({
                                                            field: __err.field === "_root" ? "interval" : "interval." + __err.field,
                                                            message: __err.message
                                                        });
                                                    }
                                                } else {
                                                    throw __e;
                                                }
                                            } finally {
                                                ctx.popScope();
                                            }


































































































































































































































































                            }{
                                const __raw_recurrenceBegins = obj["recurrenceBegins"] as string;instance.recurrenceBegins = __raw_recurrenceBegins;


































































































































































































































































                            }{
                                const __raw_recurrenceEnds = obj["recurrenceEnds"] as RecurrenceEnd | null;if (__raw_recurrenceEnds === null) {
                                                    instance.recurrenceEnds = null;
                                                } else {
                                                        ctx.pushScope("recurrenceEnds");
                                                        try {
                                                            const __result = recurrenceEndDeserializeWithContext(__raw_recurrenceEnds, ctx);
                                                            ctx.assignOrDefer(instance, "recurrenceEnds", __result);
                                                        } catch (__e) {
                                                            if (__e instanceof __mf_DeserializeError) {
                                                                for (const __err of __e.errors) {
                                                                    errors.push({
                                                                        field: __err.field === "_root" ? "recurrenceEnds" : "recurrenceEnds." + __err.field,
                                                                        message: __err.message
                                                                    });
                                                                }
                                                            } else {
                                                                throw __e;
                                                            }
                                                        } finally {
                                                            ctx.popScope();
                                                        }






















                                                }


































































































































































































































































                            }{
                                const __raw_cancelledInstances = obj["cancelledInstances"] as Array<string> | null;if (__raw_cancelledInstances === null) {
                                                    instance.cancelledInstances = null;
                                                } else {instance.cancelledInstances = __raw_cancelledInstances;






















                                                }


































































































































































































































































                            }{
                                const __raw_additionalInstances = obj["additionalInstances"] as Array<string> | null;if (__raw_additionalInstances === null) {
                                                    instance.additionalInstances = null;
                                                } else {instance.additionalInstances = __raw_additionalInstances;






















                                                }


































































































































































































































































                            }
























































































































































































































































































































































































































































































































































































                ctx.pushErrors(errors);

                return instance as RecurrenceRule;
            }

            export function recurrenceRuleValidateField<K extends keyof RecurrenceRule>(
                _field: K,
                _value: RecurrenceRule[K]
            ): Array<{ field: string; message: string }> {return [];













            }

            export function recurrenceRuleValidateFields(
                _partial: Partial<RecurrenceRule>
            ): Array<{ field: string; message: string }> {return [];













            }

            export function recurrenceRuleHasShape(obj: unknown): boolean {
                if (typeof obj !== "object" || obj === null || Array.isArray(obj)) {
                    return false;
                }
                const o = obj as Record<string, unknown>;
                return "interval" in o && "recurrenceBegins" in o && "recurrenceEnds" in o && "cancelledInstances" in o && "additionalInstances" in o;
            }

            export function recurrenceRuleIs(obj: unknown): obj is RecurrenceRule {
                if (!recurrenceRuleHasShape(obj)) {
                    return false;
                }
                const result = recurrenceRuleDeserialize(obj);
                return result.success;
            }

/** Nested error structure matching the data shape  */
        export type RecurrenceRuleErrors = {
            _errors: Option.Option<Array<string>>;
            interval: Option.Option<Array<string>>;
            recurrenceBegins: Option.Option<Array<string>>;
            recurrenceEnds: Option.Option<Array<string>>;
            cancelledInstances: Option.Option<Array<string>>;
            additionalInstances: Option.Option<Array<string>>;


        };

        /** Nested boolean structure for tracking touched/dirty fields  */
        export type RecurrenceRuleTainted = {
            interval: Option.Option<boolean>;
            recurrenceBegins: Option.Option<boolean>;
            recurrenceEnds: Option.Option<boolean>;
            cancelledInstances: Option.Option<boolean>;
            additionalInstances: Option.Option<boolean>;


        };

        /** Type-safe field controllers for this form  */
        export interface RecurrenceRuleFieldControllers {
            readonly interval: FieldController<Interval>;
            readonly recurrenceBegins: FieldController<string>;
            readonly recurrenceEnds: FieldController<RecurrenceEnd | null>;
            readonly cancelledInstances: FieldController<Array<string> | null>;
            readonly additionalInstances: FieldController<Array<string> | null>;







        }

        /** Gigaform instance containing reactive state and field controllers  */
        export interface RecurrenceRuleGigaform {
            readonly data: RecurrenceRule;
            readonly errors: RecurrenceRuleErrors;
            readonly tainted: RecurrenceRuleTainted;
            readonly fields: RecurrenceRuleFieldControllers;
            validate(): Exit.Exit<RecurrenceRule, Array<{ field: string; message: string }>>;
            reset(overrides?: Partial<RecurrenceRule>): void;
        }
/** Creates a new Gigaform instance with reactive state and field controllers.  */
        export function recurrenceRuleCreateForm(overrides?: Partial<RecurrenceRule>): RecurrenceRuleGigaform {
            let data = $state({ ...recurrenceRuleDefaultValue(), ...overrides });
            let errors = $state<RecurrenceRuleErrors>({
                _errors: Option.none(),
                interval: Option.none(),
                recurrenceBegins: Option.none(),
                recurrenceEnds: Option.none(),
                cancelledInstances: Option.none(),
                additionalInstances: Option.none(),


            });
            let tainted = $state<RecurrenceRuleTainted>({
                interval: Option.none(),
                recurrenceBegins: Option.none(),
                recurrenceEnds: Option.none(),
                cancelledInstances: Option.none(),
                additionalInstances: Option.none(),


            });
            const fields = {
            
                interval: {
            name: "interval",
            label: "interval",
            type: "text",
            optional: false,
            array: false,
            path: ["interval"],
            get: () => data.interval,
            set: (value: Interval) => { data.interval = value; },
            getError: () => errors.interval,
            setError: (value: Option.Option<Array<string>>) => { errors.interval = value; },
            getTainted: () => tainted.interval,
            setTainted: (value: Option.Option<boolean>) => { tainted.interval = value; },
            validate: () => recurrenceRuleValidateField("interval", data.interval).map((e: { field: string; message: string }) => e.message),
            
            constraints: {},
            
            
            disabled: false,
            readonly: false,
        },
            
                recurrenceBegins: {
            name: "recurrenceBegins",
            label: "recurrenceBegins",
            type: "text",
            optional: false,
            array: false,
            path: ["recurrenceBegins"],
            get: () => data.recurrenceBegins,
            set: (value: string) => { data.recurrenceBegins = value; },
            getError: () => errors.recurrenceBegins,
            setError: (value: Option.Option<Array<string>>) => { errors.recurrenceBegins = value; },
            getTainted: () => tainted.recurrenceBegins,
            setTainted: (value: Option.Option<boolean>) => { tainted.recurrenceBegins = value; },
            validate: () => recurrenceRuleValidateField("recurrenceBegins", data.recurrenceBegins).map((e: { field: string; message: string }) => e.message),
            
            constraints: {},
            
            
            disabled: false,
            readonly: false,
        },
            
                recurrenceEnds: {
            name: "recurrenceEnds",
            label: "recurrenceEnds",
            type: "text",
            optional: false,
            array: false,
            path: ["recurrenceEnds"],
            get: () => data.recurrenceEnds,
            set: (value: RecurrenceEnd | null) => { data.recurrenceEnds = value; },
            getError: () => errors.recurrenceEnds,
            setError: (value: Option.Option<Array<string>>) => { errors.recurrenceEnds = value; },
            getTainted: () => tainted.recurrenceEnds,
            setTainted: (value: Option.Option<boolean>) => { tainted.recurrenceEnds = value; },
            validate: () => recurrenceRuleValidateField("recurrenceEnds", data.recurrenceEnds).map((e: { field: string; message: string }) => e.message),
            
            constraints: {},
            
            
            disabled: false,
            readonly: false,
        },
            
                cancelledInstances: {
            name: "cancelledInstances",
            label: "cancelledInstances",
            type: "text",
            optional: false,
            array: false,
            path: ["cancelledInstances"],
            get: () => data.cancelledInstances,
            set: (value: Array<string> | null) => { data.cancelledInstances = value; },
            getError: () => errors.cancelledInstances,
            setError: (value: Option.Option<Array<string>>) => { errors.cancelledInstances = value; },
            getTainted: () => tainted.cancelledInstances,
            setTainted: (value: Option.Option<boolean>) => { tainted.cancelledInstances = value; },
            validate: () => recurrenceRuleValidateField("cancelledInstances", data.cancelledInstances).map((e: { field: string; message: string }) => e.message),
            
            constraints: {},
            
            
            disabled: false,
            readonly: false,
        },
            
                additionalInstances: {
            name: "additionalInstances",
            label: "additionalInstances",
            type: "text",
            optional: false,
            array: false,
            path: ["additionalInstances"],
            get: () => data.additionalInstances,
            set: (value: Array<string> | null) => { data.additionalInstances = value; },
            getError: () => errors.additionalInstances,
            setError: (value: Option.Option<Array<string>>) => { errors.additionalInstances = value; },
            getTainted: () => tainted.additionalInstances,
            setTainted: (value: Option.Option<boolean>) => { tainted.additionalInstances = value; },
            validate: () => recurrenceRuleValidateField("additionalInstances", data.additionalInstances).map((e: { field: string; message: string }) => e.message),
            
            constraints: {},
            
            
            disabled: false,
            readonly: false,
        },



        } as unknown as RecurrenceRuleFieldControllers;


            function validate(): Exit.Exit<RecurrenceRule, Array<{ field: string; message: string }>> {
                return toExit(recurrenceRuleDeserialize(data));
            }


            function reset(newOverrides?: Partial<RecurrenceRule>): void {
                data = { ...recurrenceRuleDefaultValue(), ...newOverrides };
                errors = {
            _errors: Option.none(),
            interval: Option.none(),
            recurrenceBegins: Option.none(),
            recurrenceEnds: Option.none(),
            cancelledInstances: Option.none(),
            additionalInstances: Option.none(),


        };
                tainted = {
            interval: Option.none(),
            recurrenceBegins: Option.none(),
            recurrenceEnds: Option.none(),
            cancelledInstances: Option.none(),
            additionalInstances: Option.none(),


        };
            }

            return {
                get data() { return data; },
                set data(v) { data = v; },
                get errors() { return errors; },
                set errors(v) { errors = v; },
                get tainted() { return tainted; },
                set tainted(v) { tainted = v; },
                fields,
                validate,
                reset,
            };
        }
/** Parses FormData and validates it, returning a Result with the parsed data or errors. Delegates validation to deserialize() from @derive(Deserialize).  */
        export function recurrenceRuleFromFormData(formData: FormData): Exit.Exit<RecurrenceRule, Array<{ field: string; message: string }>> {
            const obj: Record<string, unknown> = {};

            
            {

            const intervalObj: Record<string, unknown> = {};
            for (const [key, value] of Array.from(formData.entries())) {
                if (key.startsWith("interval.")) {
                    const fieldName = key.slice("interval.".length);

                    const parts = fieldName.split(".");
                    let current = intervalObj;
                    for (let i = 0; i < parts.length - 1; i++) {
                        const part = parts[i]!;
                        if (!(part in current)) {
                            current[part] = {};
                        }
                        current = current[part] as Record<string, unknown>;
                    }
                    current[parts[parts.length - 1]!] = value;
                }
            }
            obj.interval = intervalObj;
        }
            obj.recurrenceBegins = formData.get("recurrenceBegins") ?? "";
            obj.recurrenceEnds = formData.get("recurrenceEnds") ?? "";
            obj.cancelledInstances = formData.get("cancelledInstances") ?? "";
            obj.additionalInstances = formData.get("additionalInstances") ?? "";


            return toExit(recurrenceRuleDeserialize(obj));
        }

export const RecurrenceRule = {
  defaultValue: recurrenceRuleDefaultValue,
  serialize: recurrenceRuleSerialize,
  serializeWithContext: recurrenceRuleSerializeWithContext,
  deserialize: recurrenceRuleDeserialize,
  deserializeWithContext: recurrenceRuleDeserializeWithContext,
  validateFields: recurrenceRuleValidateFields,
  hasShape: recurrenceRuleHasShape,
  is: recurrenceRuleIs,
  createForm: recurrenceRuleCreateForm,
  fromFormData: recurrenceRuleFromFormData
} as const;

## Diagnostics

(none)

## Mapping

original 0..172 -> expanded 0..172
original 229..454 -> expanded 172..397
original 454..455 -> expanded 25653..25654
generated 397..650 <- Default
generated 650..3220 <- Serialize
generated 3220..14539 <- Deserialize
generated 14539..25169 <- Gigaform
generated 25169..25653 <- __convenience_const

## Metadata

interface RecurrenceRule: {"body_span":{"end":455,"start":263},"decorators":[{"args_src":"Default, Serialize, Deserialize, Gigaform","name":"Derive","span":{"end":230,"start":173}}],"fields":[{"decorators":[],"name":"interval","optional":false,"readonly":false,"span":{"end":288,"start":269},"ts_type":"Interval"},{"decorators":[],"name":"recurrenceBegins","optional":false,"readonly":false,"span":{"end":318,"start":293},"ts_type":"string"},{"decorators":[],"name":"recurrenceEnds","optional":false,"readonly":false,"span":{"end":360,"start":323},"ts_type":"RecurrenceEnd | null"},{"decorators":[],"name":"cancelledInstances","optional":false,"readonly":false,"span":{"end":406,"start":365},"ts_type":"Array<string> | null"},{"decorators":[],"name":"additionalInstances","optional":false,"readonly":false,"span":{"end":453,"start":411},"ts_type":"Array<string> | null"}],"heritage":[],"methods":[],"name":"RecurrenceRule","span":{"end":455,"start":238},"type_params":[]}

## Registry reads

Name("Array")
Name("Interval")
Name("RecurrenceEnd")
Name("string")

## Buildtime dependencies

(none)
