---
source: crates/macroforge_ts/tests/conformance.rs
expression: snapshot
input_file: crates/macroforge_ts/tests/fixtures/foreign_types/namespace_only_in_ft_from/input.ts
---
## Input

import { DateTime } from 'effect';

/** @derive(Default) */
export interface Foo {
    createdAt: DateTime.Utc;
}

## Changed

true

## Output

import { Option as __mf_Option } from "effect";
import { DateTime } from 'effect';


export interface Foo {
    createdAt: DateTime.Utc;
}

export function fooDefaultValue(): Foo {
                        return {
createdAt: (() => __mf_Option.match(DateTime.make(new Date()), {
	onSome: (dt) => dt,
	onNone: () => DateTime.make(0)
}))(),
};
                    }

export const Foo: {
  readonly defaultValue: typeof fooDefaultValue;
} = {
  defaultValue: fooDefaultValue
};

## DTS

import { DateTime } from 'effect';


export interface Foo {
    createdAt: DateTime.Utc;
}

export function fooDefaultValue(): Foo {
                        return {
createdAt: (() => __mf_Option.match(DateTime.make(new Date()), {
	onSome: (dt) => dt,
	onNone: () => DateTime.make(0)
}))(),
};
                    }

export const Foo: {
  readonly defaultValue: typeof fooDefaultValue;
} = {
  defaultValue: fooDefaultValue
};

## Diagnostics

(none)

## Mapping

original 0..36 -> expanded 48..84
original 59..113 -> expanded 84..138
original 113..114 -> expanded 474..475
generated 0..48 <- imports
generated 138..363 <- Default
generated 363..474 <- __convenience_const

## Metadata

interface Foo: {"body_span":{"end":114,"start":82},"decorators":[{"args_src":"Default","name":"Derive","span":{"end":60,"start":37}}],"fields":[{"decorators":[],"name":"createdAt","optional":false,"readonly":false,"span":{"end":112,"start":88},"ts_type":"DateTime.Utc"}],"heritage":[],"methods":[],"name":"Foo","span":{"end":114,"start":68},"type_params":[]}

## Registry reads

Name("DateTime.Utc")

## Buildtime dependencies

(none)
