---
source: crates/macroforge_ts/tests/conformance.rs
expression: snapshot
input_file: crates/macroforge_ts/tests/fixtures/ok/interface_all_macros_prefix.ts
---
## Input

/** @derive(Debug, Clone, PartialEq, Eq, Hash, PartialOrd, Ord, Default, Encode, Decode) */
export interface Point {
    x: number;
    y: number;
}

## Changed

true

## Output

import { EncodeContext as __mf_EncodeContext, DecodeContext as __mf_DecodeContext, DecodeError as __mf_DecodeError, PendingRef as __mf_PendingRef } from "@macroforge/core/endec";
import type { DecodeOptions as __mf_DecodeOptions } from "@macroforge/core/endec";

export interface Point {
    x: number;
    y: number;
}

export function pointToString(value: Point): string {
    const parts: string[] = [];
    parts.push("x: " + String(value.x));
    parts.push("y: " + String(value.y));
    return "Point { " + parts.join(", ") + " }";
}

export function pointClone(value: Point): Point {
    return ({
	x: value.x,
	y: value.y
});
}

export function pointEquals(a: Point, b: Point): boolean {
    if (a === b) return true;
    return a.x === b.x && a.y === b.y;
}

export function pointHashCode(value: Point): number {
    let hash = 17;
    hash = (hash * 31 + (Number.isInteger(value.x) ? value.x | 0 : value.x.toString().split("").reduce((h, c) => h * 31 + c.charCodeAt(0) | 0, 0))) | 0;
    hash = (hash * 31 + (Number.isInteger(value.y) ? value.y | 0 : value.y.toString().split("").reduce((h, c) => h * 31 + c.charCodeAt(0) | 0, 0))) | 0;
    return hash;
}

export function pointPartialCompare(a: Point, b: Point): number | null {
    if (a === b) return 0;
    const cmp0 = (a.x < b.x ? -1 : a.x > b.x ? 1 : a.x === b.x ? 0 : null);
    if (cmp0 === null) return null;
    if (cmp0 !== 0) return cmp0;
    const cmp1 = (a.y < b.y ? -1 : a.y > b.y ? 1 : a.y === b.y ? 0 : null);
    if (cmp1 === null) return null;
    if (cmp1 !== 0) return cmp1;
    return 0;
}

export function pointCompare(a: Point, b: Point): number {
    if (a === b) return 0;
    const cmp0 = a.x < b.x ? -1 : a.x > b.x ? 1 : 0;
    if (cmp0 !== 0) return cmp0;
    const cmp1 = a.y < b.y ? -1 : a.y > b.y ? 1 : 0;
    if (cmp1 !== 0) return cmp1;
    return 0;
}

export function pointDefaultValue(): Point {
    return {
        x: 0,
        y: 0,
    };
}

/** Encodes a value to a JSON string. @param value - The value to encode @param keepMetadata - If true, preserves __type and __id fields in the output @returns JSON string representation  */
export function pointEncode(value: Point, keepMetadata?: boolean): string {
    const ctx = __mf_EncodeContext.create();
    const __raw = pointEncodeWithContext(value, ctx);
    if (keepMetadata) return JSON.stringify(__raw);
    return JSON.stringify(__raw, (key, val) => key === "__type" || key === "__id" ? undefined : val);
}

/** Encodes with an existing context for nested/cyclic object graphs. @param value - The value to encode @param ctx - The encoding context  */
export function pointEncodeWithContext(value: Point, ctx: __mf_EncodeContext): Record<string, unknown> {

    const existingId = ctx.getId(value);
    if (existingId !== undefined) {
        return { __ref: existingId };
    }

    const __id = ctx.register(value);

    const result: Record<string, unknown> = {
        "__type": "Point",
        __id,
    };

    
    result.x = value.x;
    result.y = value.y;

    return result;
}

/** Decodes input to this type. Automatically detects whether input is a JSON string or object. @param input - JSON string or object to decode @param opts - Optional decoding options @returns Result containing the decoded value or validation errors  */
export function pointDecode(input: unknown, opts?: __mf_DecodeOptions): { success: true; value: Point } | { success: false; errors: Array<{ field: string; message: string }> } {
    try {

        const data = typeof input === "string" ? JSON.parse(input) : input;

        const ctx = __mf_DecodeContext.create();
        const resultOrRef = pointDecodeWithContext(data, ctx);

        if (__mf_PendingRef.is(resultOrRef)) {
            return ({
	success: false,
	errors: [{
		field: "_root",
		message: "Point.decode: root cannot be a forward reference"
	}]
});
        }

        ctx.applyPatches();
        if (opts?.freeze) {
            ctx.freezeAll();
        }

        const __errors = ctx.getErrors();
        if (__errors.length > 0) {
            return ({
	success: false,
	errors: __errors
});
        }

        return ({
	success: true,
	value: resultOrRef
});
    } catch (e) {
        if (e instanceof __mf_DecodeError) {
            return ({
	success: false,
	errors: e.errors
});
        }
        const message = e instanceof Error ? e.message : String(e);
        return ({
	success: false,
	errors: [{
		field: "_root",
		message
	}]
});
    }
}
/** Decodes with an existing context for nested/cyclic object graphs. @param value - The raw value to decode @param ctx - The decoding context  */
export function pointDecodeWithContext(value: unknown, ctx: __mf_DecodeContext): Point | __mf_PendingRef {
    if (typeof value === "object" && value !== null && "__ref" in value) {
        if (typeof value.__ref !== "number") {
            throw new __mf_DecodeError([{ field: "__ref", message: "Point.decodeWithContext: __ref must be a number" }]);
        }
        return ctx.getOrDefer(value.__ref) as Point | __mf_PendingRef;
    }

    if (typeof value !== "object" || value === null || Array.isArray(value)) {
        throw new __mf_DecodeError([{ field: "_root", message: "Point.decodeWithContext: expected an object" }]);
    }

    const obj = value as Record<string, unknown>;
    const errors: Array<{ field: string; message: string }> = [];
    if (!("x" in obj)) {
        errors.push({ field: "x", message: "missing required field" });
    }
    if (!("y" in obj)) {
        errors.push({ field: "y", message: "missing required field" });
    }

    const instance: any = {};

    if (obj.__id !== undefined) {
        ctx.register(obj.__id as number, instance);
    }

    ctx.trackForFreeze(instance);

    {
        const __raw_x = obj["x"] as number;

        if (!(typeof __raw_x === "number")) {
            errors.push({ field: "x", message: __raw_x == null ? "Point.x is required" : "expected number" });
        } else {
            instance.x = __raw_x;
        }
    }
    {
        const __raw_y = obj["y"] as number;

        if (!(typeof __raw_y === "number")) {
            errors.push({ field: "y", message: __raw_y == null ? "Point.y is required" : "expected number" });
        } else {
            instance.y = __raw_y;
        }
    }

    ctx.pushErrors(errors);

    return instance as Point;
}
export function pointValidateField<K extends keyof Point>(field: K, value: unknown): Array<{ field: string; message: string }>;
export function pointValidateField(): Array<{ field: string; message: string }> {
    return [];
}

export function pointValidateFields(partial: { readonly [K in keyof Point]?: unknown }): Array<{ field: string; message: string }>;
export function pointValidateFields(): Array<{ field: string; message: string }> {
    return [];
}
export function pointHasShape(obj: unknown): boolean {
    if (typeof obj !== "object" || obj === null || Array.isArray(obj)) {
        return false;
    }
    const o = obj as Record<string, unknown>;
    return "x" in o && "y" in o;
}

export function pointIs(obj: unknown): obj is Point {
    return pointHasShape(obj) && pointDecode(obj).success;
}

export const Point: {
  readonly toString: typeof pointToString;
  readonly clone: typeof pointClone;
  readonly equals: typeof pointEquals;
  readonly hashCode: typeof pointHashCode;
  readonly partialCompare: typeof pointPartialCompare;
  readonly compare: typeof pointCompare;
  readonly defaultValue: typeof pointDefaultValue;
  readonly encode: typeof pointEncode;
  readonly encodeWithContext: typeof pointEncodeWithContext;
  readonly decode: typeof pointDecode;
  readonly decodeWithContext: typeof pointDecodeWithContext;
  readonly validateField: typeof pointValidateField;
  readonly validateFields: typeof pointValidateFields;
  readonly hasShape: typeof pointHasShape;
  readonly is: typeof pointIs;
} = {
  toString: pointToString,
  clone: pointClone,
  equals: pointEquals,
  hashCode: pointHashCode,
  partialCompare: pointPartialCompare,
  compare: pointCompare,
  defaultValue: pointDefaultValue,
  encode: pointEncode,
  encodeWithContext: pointEncodeWithContext,
  decode: pointDecode,
  decodeWithContext: pointDecodeWithContext,
  validateField: pointValidateField,
  validateFields: pointValidateFields,
  hasShape: pointHasShape,
  is: pointIs
};

## DTS

export interface Point {
	x: number;
	y: number;
}
export declare function pointToString(value: Point): string;
export declare function pointClone(value: Point): Point;
export declare function pointEquals(a: Point, b: Point): boolean;
export declare function pointHashCode(value: Point): number;
export declare function pointPartialCompare(a: Point, b: Point): number | null;
export declare function pointCompare(a: Point, b: Point): number;
export declare function pointDefaultValue(): Point;
/** Encodes a value to a JSON string. @param value - The value to encode @param keepMetadata - If true, preserves __type and __id fields in the output @returns JSON string representation  */
export declare function pointEncode(value: Point, keepMetadata?: boolean): string;
/** Encodes with an existing context for nested/cyclic object graphs. @param value - The value to encode @param ctx - The encoding context  */
export declare function pointEncodeWithContext(value: Point, ctx: __mf_EncodeContext): Record<string, unknown>;
/** Decodes input to this type. Automatically detects whether input is a JSON string or object. @param input - JSON string or object to decode @param opts - Optional decoding options @returns Result containing the decoded value or validation errors  */
export declare function pointDecode(input: unknown, opts?: __mf_DecodeOptions): {
	success: true;
	value: Point;
} | {
	success: false;
	errors: Array<{
		field: string;
		message: string;
	}>;
};
/** Decodes with an existing context for nested/cyclic object graphs. @param value - The raw value to decode @param ctx - The decoding context  */
export declare function pointDecodeWithContext(value: unknown, ctx: __mf_DecodeContext): Point | __mf_PendingRef;
export declare function pointValidateField<K extends keyof Point>(field: K, value: unknown): Array<{
	field: string;
	message: string;
}>;
export declare function pointValidateFields(partial: { readonly [K in keyof Point]?: unknown }): Array<{
	field: string;
	message: string;
}>;
export declare function pointHasShape(obj: unknown): boolean;
export declare function pointIs(obj: unknown): obj is Point;
export declare const Point: {
	readonly toString: typeof pointToString;
	readonly clone: typeof pointClone;
	readonly equals: typeof pointEquals;
	readonly hashCode: typeof pointHashCode;
	readonly partialCompare: typeof pointPartialCompare;
	readonly compare: typeof pointCompare;
	readonly defaultValue: typeof pointDefaultValue;
	readonly encode: typeof pointEncode;
	readonly encodeWithContext: typeof pointEncodeWithContext;
	readonly decode: typeof pointDecode;
	readonly decodeWithContext: typeof pointDecodeWithContext;
	readonly validateField: typeof pointValidateField;
	readonly validateFields: typeof pointValidateFields;
	readonly hasShape: typeof pointHasShape;
	readonly is: typeof pointIs;
};

## Diagnostics

(none)

## Mapping

original 91..148 -> expanded 262..319
original 148..149 -> expanded 8339..8340
generated 0..262 <- imports
generated 319..539 <- Debug
generated 539..635 <- Clone
generated 635..766 <- PartialEq
generated 766..1165 <- Hash
generated 1165..1572 <- PartialOrd
generated 1572..1847 <- Ord
generated 1847..1943 <- Default
generated 1943..3047 <- Encode
generated 3047..7166 <- Decode
generated 7166..8339 <- __convenience_const

## Metadata

interface Point: {"body_span":{"end":149,"start":116},"decorators":[{"args_src":"Debug, Clone, PartialEq, Eq, Hash, PartialOrd, Ord, Default, Encode, Decode","name":"Derive","span":{"end":92,"start":1}}],"fields":[{"decorators":[],"name":"x","optional":false,"readonly":false,"span":{"end":132,"start":122},"ts_type":"number"},{"decorators":[],"name":"y","optional":false,"readonly":false,"span":{"end":147,"start":137},"ts_type":"number"}],"heritage":[],"methods":[],"name":"Point","span":{"end":149,"start":100},"type_params":[]}

## Registry reads

(not recorded)

## Buildtime dependencies

(none)
