---
source: crates/macroforge_ts/tests/conformance.rs
expression: snapshot
input_file: crates/macroforge_ts/tests/fixtures/ok/enum_serialize.ts
---
## Input

/** @derive(Serialize) */
enum Direction {
    North,
    South,
    East,
    West
}

## Changed

true

## Output

enum Direction {
    North,
    South,
    East,
    West
}

/** Serializes this enum value to a JSON string.  */
                export function directionSerialize(value: Direction): string {
                    return JSON.stringify(value);
                }

                /** Serializes with an existing context for nested/cyclic object graphs.  */
                export function directionSerializeWithContext(value: Direction, _ctx: __mf_SerializeContext): string | number {
                    return value;
                }

namespace Direction {
  export const serialize = directionSerialize;
  export const serializeWithContext = directionSerializeWithContext;
}

## DTS

enum Direction {
    North,
    South,
    East,
    West
}

/** Serializes this enum value to a JSON string.  */
                export function directionSerialize(value: Direction): string {
                    return JSON.stringify(value);
                }

                /** Serializes with an existing context for nested/cyclic object graphs.  */
                export function directionSerializeWithContext(value: Direction, _ctx: __mf_SerializeContext): string | number {
                    return value;
                }

namespace Direction {
  export const serialize = directionSerialize;
  export const serializeWithContext = directionSerializeWithContext;
}

## Diagnostics

(none)

## Mapping

original 25..85 -> expanded 0..60
original 85..86 -> expanded 676..677
generated 60..535 <- Serialize
generated 535..676 <- __convenience_const

## Metadata

enum Direction: {"body_span":{"end":86,"start":42},"decorators":[{"args_src":"Serialize","name":"Derive","span":{"end":26,"start":1}}],"is_const":false,"name":"Direction","span":{"end":86,"start":27},"variants":[{"decorators":[],"name":"North","span":{"end":53,"start":48},"value":{"Number":0.0}},{"decorators":[],"name":"South","span":{"end":64,"start":59},"value":{"Number":1.0}},{"decorators":[],"name":"East","span":{"end":74,"start":70},"value":{"Number":2.0}},{"decorators":[],"name":"West","span":{"end":84,"start":80},"value":{"Number":3.0}}]}

## Registry reads

(not recorded)

## Buildtime dependencies

(none)
