---
source: crates/macroforge_ts/tests/conformance.rs
expression: snapshot
input_file: crates/macroforge_ts/tests/fixtures/ok/class_debug_data.ts
---
## Input

import { Derive } from '@macro/derive';

/** @derive(Debug) */
class Data {
    val: number;
}

## Changed

true

## Output

import { Derive } from '@macro/derive';


class Data {
    val: number;

    static toString(value: Data): string {
        return dataToString(value);
    }
}

export function dataToString(value: Data): string {
    const parts: string[] = [];
    parts.push("val: " + String(value.val));
    return "Data { " + parts.join(", ") + " }";
}

## DTS

declare class Data {
	val: number;
	static toString(value: Data): string;
}
export declare function dataToString(value: Data): string;
export {};

## Diagnostics

(none)

## Mapping

original 0..41 -> expanded 0..41
original 62..93 -> expanded 41..72
original 93..94 -> expanded 158..159
original 94..95 -> expanded 339..340
generated 72..158 <- Debug
generated 159..339 <- Debug

## Metadata

class Data: {"body_span":{"end":95,"start":75},"decorators":[{"args_src":"Debug","name":"Derive","span":{"end":63,"start":42}}],"fields":[{"decorators":[],"initializer":null,"name":"val","optional":false,"readonly":false,"span":{"end":93,"start":81},"ts_type":"number","visibility":"Public"}],"heritage":[],"is_abstract":false,"methods":[],"name":"Data","span":{"end":95,"start":64},"type_params":[]}

## Registry reads

(not recorded)

## Buildtime dependencies

(none)
