---
source: macroforge_ts/tests/spec_tests.rs
expression: snapshot
input_file: macroforge_ts/tests/fixtures/ok/type_alias_serialize.ts
---
## Input

/** @derive(Serialize) */
type User = {
    name: string;
    age: number;
};

## Output

import { SerializeContext as __mf_SerializeContext } from "macroforge/serde";

type User = {
    name: string;
    age: number;
};

/** Serializes a value to a JSON string. @param value - The value to serialize @param keepMetadata - If true, preserves __type and __id fields in the output @returns JSON string representation  */
                        export function userSerialize(value: User, keepMetadata?: boolean): string {
                            const ctx = __mf_SerializeContext.create();
                            const __raw = userSerializeWithContext(value, ctx);
                            if (keepMetadata) return JSON.stringify(__raw);
                            return JSON.stringify(__raw, (key, val) => key === "__type" || key === "__id" ? undefined : val);
                        }

                        /** Serializes with an existing context for nested/cyclic object graphs. @param value - The value to serialize @param ctx - The serialization context  */
                        export function userSerializeWithContext(value: User, ctx: __mf_SerializeContext): Record<string, unknown> {
                            const existingId = ctx.getId(value);
                            if (existingId !== undefined) {
                                return { __ref: existingId };
                            }

                            const __id = ctx.register(value);
                            const result: Record<string, unknown> = {
                                "__type": "User",
                                __id,
                            };result.name = value.name;result.age = value.age;






















                            return result;
                        }

const User = {
  serialize: userSerialize,
  serializeWithContext: userSerializeWithContext
} as const;

## DTS

type User = {
    name: string;
    age: number;
};

/** Serializes a value to a JSON string. @param value - The value to serialize @param keepMetadata - If true, preserves __type and __id fields in the output @returns JSON string representation  */
                        export function userSerialize(value: User, keepMetadata?: boolean): string {
                            const ctx = __mf_SerializeContext.create();
                            const __raw = userSerializeWithContext(value, ctx);
                            if (keepMetadata) return JSON.stringify(__raw);
                            return JSON.stringify(__raw, (key, val) => key === "__type" || key === "__id" ? undefined : val);
                        }

                        /** Serializes with an existing context for nested/cyclic object graphs. @param value - The value to serialize @param ctx - The serialization context  */
                        export function userSerializeWithContext(value: User, ctx: __mf_SerializeContext): Record<string, unknown> {
                            const existingId = ctx.getId(value);
                            if (existingId !== undefined) {
                                return { __ref: existingId };
                            }

                            const __id = ctx.register(value);
                            const result: Record<string, unknown> = {
                                "__type": "User",
                                __id,
                            };result.name = value.name;result.age = value.age;






















                            return result;
                        }

const User = {
  serialize: userSerialize,
  serializeWithContext: userSerializeWithContext
} as const;

## Diagnostics

(none)
