---
source: crates/macroforge_ts/tests/conformance.rs
expression: snapshot
input_file: crates/macroforge_ts/tests/fixtures/ok/declarative/type_macros.ts
---
## Input

import { macroRules } from '@macroforge/core/rules';

// Type-position macro: wrap a type in a readonly mapped type.
const $ReadOnly = macroRules({
    kind: 'type',
    expand: macroRules`
    ($t:Type) => { readonly [K in keyof $t]: $t[K] }
  `
});

// Type-position macro with repetition: build a tuple of types.
const $Tuple = macroRules({
    kind: 'type',
    expand: macroRules`
    ($($t:Type),+) => [$($t),+]
  `
});

interface User {
    id: string;
    name: string;
}

type StrictUser = $ReadOnly<User>;
type Pair = $Tuple<string, number>;
type Triple = $Tuple<string, number, boolean>;

## Changed

true

## Output

// Type-position macro: wrap a type in a readonly mapped type.


// Type-position macro with repetition: build a tuple of types.


interface User {
    id: string;
    name: string;
}

type StrictUser = { readonly [K in keyof User]: User[K] };
type Pair = [string,number];
type Triple = [string,number,boolean];

## DTS

(none)

## Diagnostics

(none)

## Mapping

original 52..117 -> expanded 0..65
original 250..316 -> expanded 65..131
original 425..499 -> expanded 131..205
original 514..528 -> expanded 244..258
original 550..566 -> expanded 273..289
original 597..599 -> expanded 312..314
generated 205..244 <- $ReadOnly
generated 258..273 <- $Tuple
generated 289..312 <- $Tuple

## Metadata

interface User: {"body_span":{"end":186,"start":149},"decorators":[],"fields":[{"decorators":[],"name":"id","optional":false,"readonly":false,"span":{"end":166,"start":155},"ts_type":"string"},{"decorators":[],"name":"name","optional":false,"readonly":false,"span":{"end":184,"start":171},"ts_type":"string"}],"heritage":[],"methods":[],"name":"User","span":{"end":186,"start":134},"type_params":[]}
type StrictUser: {"body":{"Other":"{ readonly [K in keyof User]: User[K] }"},"decorators":[],"name":"StrictUser","span":{"end":246,"start":188},"type_params":[]}
type Pair: {"body":{"Tuple":["string","number"]},"decorators":[],"name":"Pair","span":{"end":275,"start":247},"type_params":[]}
type Triple: {"body":{"Tuple":["string","number","boolean"]},"decorators":[],"name":"Triple","span":{"end":314,"start":276},"type_params":[]}

## Registry reads

(not recorded)

## Buildtime dependencies

(none)
