---
source: crates/macroforge_ts/tests/conformance.rs
---
## Types (207)

Address 1397622768841615
AddressPatch 9f24746fc3a6b7e7
AllMacrosTestClass 0cb31a5b808f2b1e
Amount 14afa507f4245eee
ApiStatus 57f42a116e057cb5
AttrMacroResults de5c32380bead57f
AttributesResults fb2feb32623d818b
Badge aec4ac57e6ae27fe
BetweenBigIntValidator 31eb834618513acc
BetweenDateValidator d69e6ff847b71392
BetweenValidator f8c526a5a80ae39c
Box a7e5c7d0b9fefd62
Boxed 5d089a5ee56c30d8
BuildtimeDemoResult e0b5ee7b196d163d
CapitalizedValidator 0cdc5bc30e5492fc
Cents 07fad5f8ee51b7e4
Choice 68f243a402fed214
Code e87ff64df167bf3d
Color c41d29e946bcc255
CombinedNumberValidatorsTest 23504e4f24b56ce8
CombinedStringValidatorsTest c2da8f7c2616bb80
Contact 75765ef9c40ac818
Container 8b373bd10e94e690
ContainerFailure 715d38698ed87c0b
Coordinate3D 3b67485f942cf6f2
Counted cf79a96ef97c8193
Counter 1eb850f0632697d6
Crate 139781c04a12325d
CustomMessageTest 956faa3fc2f04c9b
CustomNumberValidator a99392a78510f9f9
CustomStringValidator d1785bef489c0288
CustomWithMessageValidator 651c5137bffabe35
DeclarativeComplexResults 932e0eeafaf64f7f
DeclarativeMacroResults 61985f436ebeb531
DefinitelyString c3a0bf01933fa40b
Derived eefbe3b7c1c351c5
DocBetween b9780390a3430c8f
DocBetweenBigInt 7e9890c79b7b3795
DocBetweenDate 5cec5be42c063650
DocCapitalized ee97aa8aa6503cee
DocEmail a7cec3697a0eae73
DocEndsWith ad8afc2e8c9d4a14
DocFinite 4070fa6220f8d2f0
DocGreaterThan 28866b9d66d5ad77
DocGreaterThanBigInt e3e33876c9f88587
DocGreaterThanDate e0b38f7ebd24b727
DocGreaterThanOrEqualTo a2174ee6f28689a0
DocGreaterThanOrEqualToBigInt 4436eeea88c2b1a9
DocGreaterThanOrEqualToDate 29015a027f192beb
DocIncludes 8d5a385c9bbeb72b
DocInt 8bb63e8c9f2942a1
DocItemsCount e3fa0e07e9657cdc
DocLength b739e775f2e977d8
DocLengthRange 6c4632c29be40099
DocLessThan bc596e24e03e0c65
DocLessThanBigInt 7f36da56fa8b8965
DocLessThanDate 85a7995721f26537
DocLessThanOrEqualTo c7fa80b2623e6f66
DocLessThanOrEqualToBigInt 06289715cf318182
DocLessThanOrEqualToDate e0467d627733cc57
DocLowercase 0d2d47234d8d5ccb
DocMaxItems dbe7fa041b46665f
DocMaxLength 8970d148b1d1211b
DocMessageEscaping 72df7d09321cc16c
DocMinItems 3ca6261a58c6e681
DocMinLength cf3b70d2d4cd8382
DocMultipleOfDecimal c0633b83f064fb61
DocMultipleOfInteger 340aea2ca83ead0f
DocNegative 15bb7ace41e357b2
DocNegativeBigInt 89e5d99bf43f5a47
DocNonEmpty 92162501434b6b36
DocNonNaN 35a6590c78e384dd
DocNonNegative bea6543bcd1eb312
DocNonNegativeBigInt 664131140d974e8b
DocNonNegativeInt 77cfce6a623f35c8
DocNonPositive add32b7c76b6faef
DocNonPositiveBigInt d3b500e4ba259d49
DocNullableDate 0db4104e9e7b9fa8
DocNullableMaxLength c19849eeba22f491
DocPattern 50bdf63ae43468dd
DocPatternWithSlash 874b9e7ac859220c
DocPositive 5eb7f4ae0800175c
DocPositiveBigInt 203f978d5567e769
DocStartsWith daec6fd1143acf11
DocStartsWithQuote b281bf15dcdbd516
DocTrimmed c8aed215ffe9be20
DocUint8 7ea387fb07501152
DocUncapitalized e0efccda3e4efe84
DocUppercase d7ae8d475ffaa8b3
DocUrl b92e7fdbaaf54d9a
DocUuid 868cee7cbf4705bc
DocValidDate b2ed7865b28820ed
E2eResults 5563d784f74844f4
EmailValidator bc98b3c636c3a5ed
EndsWithValidator 8bb525ab355a874f
Entry 067c8741729694d3
EnumDeriveResults a3d882081a44ba18
EventForm d449ffb3387eca43
Fallback f82b11d1ac8c53a3
FiniteValidator 43ecf329b766f02a
FormModel 070a7c8ff704dc95
GreaterThanBigIntValidator fddad55b5c7be1d7
GreaterThanDateValidator 1f5e6aa54fe41697
GreaterThanOrEqualToBigIntValidator 99c044261f37a2bf
GreaterThanOrEqualToDateValidator 9e330972ee242d13
GreaterThanOrEqualToValidator 52aefbfcfffae3b6
GreaterThanValidator 33e56567863afd06
Greeter 3b8de654ba6068a4
Grid 37affa858ebf5f39
ImportedCustomValidator c268b5f590e53b9a
IncludesValidator 5b4d93323ab6a334
Inner 273d52255c3a1734
InspectMacroResults 1302a64d40dc0e7f
IntValidator c3c800236beca390
Inventory e3375105c74fe3a2
ItemsCountValidator 387b61307e8debdf
Keyed 4cbb13bafaede330
Labeled fd496e80c257c7ce
Ledger 3eb29f454733b3cf
LedgerOrNote 4eaf746ce75c8c75
LedgerPair f578368adb23220f
LengthRangeValidator 96799f5c56a55eb4
LengthValidator 048476632adbfcb8
LessThanBigIntValidator 2366bc571a522acc
LessThanDateValidator 0786967de3600957
LessThanOrEqualToBigIntValidator 69d1819fce4752dc
LessThanOrEqualToDateValidator 5420d2cd4909e0d7
LessThanOrEqualToValidator 5e19b47c5b30fb68
LessThanValidator de985bf14df76942
LowercaseValidator f19acebaa77b160f
MacroTestResults 0a98c3624268dd91
MainLedger 1569cf5be0eb7315
MaxItemsValidator 9fee7af11577f1d9
MaxLengthValidator 79adc2f082b74360
MeasurementForm 192dc7446a01fd4c
Meters 634cfaf184303bb9
MinItemsValidator 2b0b4ae94a486f80
MinLengthValidator 858562bdfb874c90
MixedValidatorsTest af272f9bff9b75b6
Moment db7f0c955cc71743
MultipleOfValidator 5d89eee471b9a9ce
MultipleValidatorsTest e399fcbc13758d47
NegativeBigIntValidator e66e7cc7e3cb38f1
NegativeValidator 0dde269c36a5ccdd
NestedDeserResults ca0d4638f9ef3197
NonEmptyValidator 3cc96facf9c07d33
NonNaNValidator 66e71c6ea619bc63
NonNegativeBigIntValidator c4286d6e1901ebe9
NonNegativeValidator 65959ede73d00699
NonPositiveBigIntValidator 6a4e2f118b1b78e1
NonPositiveValidator 7a5360707749ba02
Outcome 86728638abaf5c8f
Pair 65b19cdee80fadfb
PatternValidator 7a12768c883a2dac
Phone 6e7d7d5769a18c46
Point c4ee3a1e063aa654
Port 94e7b58aa35a127f
PositiveBigIntValidator e0547c8c0a22eaa9
PositiveValidator 21dfa564ac5b929c
Priority a2027827376d7edd
Probed b0812d92d42e1f3c
ProcMacroDeriveResults de81250ee99d3447
ProductForm 3e3b63f1c0aac5b5
Profile f573cecf9ab867cb
Rank b6cf255ad297cc7b
Reachable 7a3c32f08927fcfd
Reading 61202e87288a25a2
RecursiveDeserResult 47d81d50b6c7d75a
Release f0439bc18ac139f7
Route 3cfb5bf170b9ad36
Run 50036315e0f88fe5
RunesTestResults f82d5d597dee5e76
Scores 69bd8fb442280710
ServerStatus a6f77a8f50f170a0
Settings d20148b5e6fe5888
Shape b301a2505fa68f11
Shelf 0e3c6c5c7fadee5e
Signal e7b2eef9980d83db
Slot 510fade408d2953f
Span 03e85be0b2397e02
StartsWithValidator f11e86debb94e9eb
Status 5f5a3a003501afe3
Store 8069d3f40b42a4cd
Subscriber b37ba2fda76cb5ed
Tagged 6783afe0b7118678
Tally a1155e95e7556572
Timeline f4a804b77375a0c1
Totals 8e5cc2dfe04bb84f
TrimmedValidator 5aa4be7fe87dadd4
Trip 43b71d3c6a5f9b0b
TypeAliasDeriveResults 16ef14b074d39621
Uint8Validator 1382832bee0be56f
UncapitalizedValidator f3648dc4dbf17d56
UppercaseValidator 1cdd121e114f9eda
UrlValidator db74952ba85beecb
User 091ad5949f87ffdb
UserId 894ad07824a84490
UserProfile ca6657d0ea201d69
UserRegistrationForm b536d3db74709213
Username 49c3ade1badbb203
UuidValidator 0f71190fe7fe6a0a
ValidDateValidator 97f39ba49d795473
ValidationResult 6505fc0702a0acb4
ValidatorFormResults 868a10cf108d3a32
VanillaTestground 52b72667e2c2a6e7
Version e87b01a404b85d13
Wall 9742c39036e9aed2

## Qualified types (210)

src/all-macros-test.ts::AllMacrosTestClass 0cb31a5b808f2b1e
src/attributes-test.ts::ServerStatus a6f77a8f50f170a0
src/buildtime-demo.ts::UserId 894ad07824a84490
src/declarative-complex.ts::Address 1397622768841615
src/declarative-complex.ts::AddressPatch 9f24746fc3a6b7e7
src/declarative-complex.ts::DefinitelyString c3a0bf01933fa40b
src/e2e-results.ts::AttrMacroResults de5c32380bead57f
src/e2e-results.ts::DeclarativeComplexResults 932e0eeafaf64f7f
src/e2e-results.ts::DeclarativeMacroResults 61985f436ebeb531
src/e2e-results.ts::E2eResults 5563d784f74844f4
src/e2e-results.ts::EnumDeriveResults a3d882081a44ba18
src/e2e-results.ts::InspectMacroResults 1302a64d40dc0e7f
src/e2e-results.ts::NestedDeserResults ca0d4638f9ef3197
src/e2e-results.ts::Probed b0812d92d42e1f3c
src/e2e-results.ts::ProcMacroDeriveResults de81250ee99d3447
src/e2e-results.ts::TypeAliasDeriveResults 16ef14b074d39621
src/enum-type-examples.ts::ApiStatus 57f42a116e057cb5
src/enum-type-examples.ts::Color c41d29e946bcc255
src/enum-type-examples.ts::Coordinate3D 3b67485f942cf6f2
src/enum-type-examples.ts::Point c4ee3a1e063aa654
src/enum-type-examples.ts::Priority a2027827376d7edd
src/enum-type-examples.ts::Status 5f5a3a003501afe3
src/enum-type-examples.ts::UserProfile ca6657d0ea201d69
src/form-model.ts::FormModel 070a7c8ff704dc95
src/ordering-tests.ts::Entry 067c8741729694d3
src/ordering-tests.ts::Grid 37affa858ebf5f39
src/ordering-tests.ts::Release f0439bc18ac139f7
src/ordering-tests.ts::Scores 69bd8fb442280710
src/ordering-tests.ts::Span 03e85be0b2397e02
src/ordering-tests.ts::Version e87b01a404b85d13
src/runes-runtime.ts::Derived eefbe3b7c1c351c5
src/runes-runtime.ts::Signal e7b2eef9980d83db
src/runes-runtime.ts::Subscriber b37ba2fda76cb5ed
src/runtime-deser-test.ts::Container 8b373bd10e94e690
src/runtime-deser-test.ts::ContainerFailure 715d38698ed87c0b
src/runtime-deser-test.ts::Inner 273d52255c3a1734
src/runtime-deser-test.ts::RecursiveDeserResult 47d81d50b6c7d75a
src/store.svelte.ts::Store 8069d3f40b42a4cd
src/testground-globals.ts::AttributesResults fb2feb32623d818b
src/testground-globals.ts::BuildtimeDemoResult e0b5ee7b196d163d
src/testground-globals.ts::MacroTestResults 0a98c3624268dd91
src/testground-globals.ts::RunesTestResults f82d5d597dee5e76
src/testground-globals.ts::ValidatorFormResults 868a10cf108d3a32
src/testground-globals.ts::VanillaTestground 52b72667e2c2a6e7
src/user.ts::User 091ad5949f87ffdb
src/validator-form.ts::EventForm d449ffb3387eca43
src/validator-form.ts::MeasurementForm 192dc7446a01fd4c
src/validator-form.ts::ProductForm 3e3b63f1c0aac5b5
src/validator-form.ts::UserRegistrationForm b536d3db74709213
src/validator-form.ts::ValidationResult 6505fc0702a0acb4
src/validators/array-validator-tests.ts::ItemsCountValidator 387b61307e8debdf
src/validators/array-validator-tests.ts::MaxItemsValidator 9fee7af11577f1d9
src/validators/array-validator-tests.ts::MinItemsValidator 2b0b4ae94a486f80
src/validators/bigint-validator-tests.ts::BetweenBigIntValidator 31eb834618513acc
src/validators/bigint-validator-tests.ts::GreaterThanBigIntValidator fddad55b5c7be1d7
src/validators/bigint-validator-tests.ts::GreaterThanOrEqualToBigIntValidator 99c044261f37a2bf
src/validators/bigint-validator-tests.ts::LessThanBigIntValidator 2366bc571a522acc
src/validators/bigint-validator-tests.ts::LessThanOrEqualToBigIntValidator 69d1819fce4752dc
src/validators/bigint-validator-tests.ts::NegativeBigIntValidator e66e7cc7e3cb38f1
src/validators/bigint-validator-tests.ts::NonNegativeBigIntValidator c4286d6e1901ebe9
src/validators/bigint-validator-tests.ts::NonPositiveBigIntValidator 6a4e2f118b1b78e1
src/validators/bigint-validator-tests.ts::PositiveBigIntValidator e0547c8c0a22eaa9
src/validators/custom-validator-tests.ts::CustomNumberValidator a99392a78510f9f9
src/validators/custom-validator-tests.ts::CustomStringValidator d1785bef489c0288
src/validators/custom-validator-tests.ts::CustomWithMessageValidator 651c5137bffabe35
src/validators/custom-validator-tests.ts::ImportedCustomValidator c268b5f590e53b9a
src/validators/date-validator-tests.ts::BetweenDateValidator d69e6ff847b71392
src/validators/date-validator-tests.ts::GreaterThanDateValidator 1f5e6aa54fe41697
src/validators/date-validator-tests.ts::GreaterThanOrEqualToDateValidator 9e330972ee242d13
src/validators/date-validator-tests.ts::LessThanDateValidator 0786967de3600957
src/validators/date-validator-tests.ts::LessThanOrEqualToDateValidator 5420d2cd4909e0d7
src/validators/date-validator-tests.ts::ValidDateValidator 97f39ba49d795473
src/validators/default-initializer-tests.ts::Counter 1eb850f0632697d6
src/validators/default-initializer-tests.ts::Greeter 3b8de654ba6068a4
src/validators/default-initializer-tests.ts::Settings d20148b5e6fe5888
src/validators/documented-validators.ts::DocBetween b9780390a3430c8f
src/validators/documented-validators.ts::DocBetweenBigInt 7e9890c79b7b3795
src/validators/documented-validators.ts::DocBetweenDate 5cec5be42c063650
src/validators/documented-validators.ts::DocCapitalized ee97aa8aa6503cee
src/validators/documented-validators.ts::DocEmail a7cec3697a0eae73
src/validators/documented-validators.ts::DocEndsWith ad8afc2e8c9d4a14
src/validators/documented-validators.ts::DocFinite 4070fa6220f8d2f0
src/validators/documented-validators.ts::DocGreaterThan 28866b9d66d5ad77
src/validators/documented-validators.ts::DocGreaterThanBigInt e3e33876c9f88587
src/validators/documented-validators.ts::DocGreaterThanDate e0b38f7ebd24b727
src/validators/documented-validators.ts::DocGreaterThanOrEqualTo a2174ee6f28689a0
src/validators/documented-validators.ts::DocGreaterThanOrEqualToBigInt 4436eeea88c2b1a9
src/validators/documented-validators.ts::DocGreaterThanOrEqualToDate 29015a027f192beb
src/validators/documented-validators.ts::DocIncludes 8d5a385c9bbeb72b
src/validators/documented-validators.ts::DocInt 8bb63e8c9f2942a1
src/validators/documented-validators.ts::DocItemsCount e3fa0e07e9657cdc
src/validators/documented-validators.ts::DocLength b739e775f2e977d8
src/validators/documented-validators.ts::DocLengthRange 6c4632c29be40099
src/validators/documented-validators.ts::DocLessThan bc596e24e03e0c65
src/validators/documented-validators.ts::DocLessThanBigInt 7f36da56fa8b8965
src/validators/documented-validators.ts::DocLessThanDate 85a7995721f26537
src/validators/documented-validators.ts::DocLessThanOrEqualTo c7fa80b2623e6f66
src/validators/documented-validators.ts::DocLessThanOrEqualToBigInt 06289715cf318182
src/validators/documented-validators.ts::DocLessThanOrEqualToDate e0467d627733cc57
src/validators/documented-validators.ts::DocLowercase 0d2d47234d8d5ccb
src/validators/documented-validators.ts::DocMaxItems dbe7fa041b46665f
src/validators/documented-validators.ts::DocMaxLength 8970d148b1d1211b
src/validators/documented-validators.ts::DocMessageEscaping 72df7d09321cc16c
src/validators/documented-validators.ts::DocMinItems 3ca6261a58c6e681
src/validators/documented-validators.ts::DocMinLength cf3b70d2d4cd8382
src/validators/documented-validators.ts::DocMultipleOfDecimal c0633b83f064fb61
src/validators/documented-validators.ts::DocMultipleOfInteger 340aea2ca83ead0f
src/validators/documented-validators.ts::DocNegative 15bb7ace41e357b2
src/validators/documented-validators.ts::DocNegativeBigInt 89e5d99bf43f5a47
src/validators/documented-validators.ts::DocNonEmpty 92162501434b6b36
src/validators/documented-validators.ts::DocNonNaN 35a6590c78e384dd
src/validators/documented-validators.ts::DocNonNegative bea6543bcd1eb312
src/validators/documented-validators.ts::DocNonNegativeBigInt 664131140d974e8b
src/validators/documented-validators.ts::DocNonNegativeInt 77cfce6a623f35c8
src/validators/documented-validators.ts::DocNonPositive add32b7c76b6faef
src/validators/documented-validators.ts::DocNonPositiveBigInt d3b500e4ba259d49
src/validators/documented-validators.ts::DocNullableDate 0db4104e9e7b9fa8
src/validators/documented-validators.ts::DocNullableMaxLength c19849eeba22f491
src/validators/documented-validators.ts::DocPattern 50bdf63ae43468dd
src/validators/documented-validators.ts::DocPatternWithSlash 874b9e7ac859220c
src/validators/documented-validators.ts::DocPositive 5eb7f4ae0800175c
src/validators/documented-validators.ts::DocPositiveBigInt 203f978d5567e769
src/validators/documented-validators.ts::DocStartsWith daec6fd1143acf11
src/validators/documented-validators.ts::DocStartsWithQuote b281bf15dcdbd516
src/validators/documented-validators.ts::DocTrimmed c8aed215ffe9be20
src/validators/documented-validators.ts::DocUint8 7ea387fb07501152
src/validators/documented-validators.ts::DocUncapitalized e0efccda3e4efe84
src/validators/documented-validators.ts::DocUppercase d7ae8d475ffaa8b3
src/validators/documented-validators.ts::DocUrl b92e7fdbaaf54d9a
src/validators/documented-validators.ts::DocUuid 868cee7cbf4705bc
src/validators/documented-validators.ts::DocValidDate b2ed7865b28820ed
src/validators/edge-case-tests.ts::CombinedNumberValidatorsTest 23504e4f24b56ce8
src/validators/edge-case-tests.ts::CombinedStringValidatorsTest c2da8f7c2616bb80
src/validators/edge-case-tests.ts::CustomMessageTest 956faa3fc2f04c9b
src/validators/edge-case-tests.ts::MixedValidatorsTest af272f9bff9b75b6
src/validators/edge-case-tests.ts::MultipleValidatorsTest e399fcbc13758d47
src/validators/field-type-tests.ts::Cents 07fad5f8ee51b7e4
src/validators/field-type-tests.ts::Profile f573cecf9ab867cb
src/validators/field-type-tests.ts::Tagged 6783afe0b7118678
src/validators/nested-decode-tests.ts::Box a7e5c7d0b9fefd62
src/validators/nested-decode-tests.ts::Labeled fd496e80c257c7ce
src/validators/nested-decode-tests.ts::Outcome 86728638abaf5c8f
src/validators/nested-decode-tests.ts::Pair 65b19cdee80fadfb
src/validators/nested-decode-tests.ts::Point 8b7f1d0b3394f0d2
src/validators/nested-decode-tests.ts::Route 3cfb5bf170b9ad36
src/validators/newtype-consumer.ts::Trip 43b71d3c6a5f9b0b
src/validators/newtype-validator-tests.ts::Cents 33421b8767ee9fa9
src/validators/newtype-validator-tests.ts::Meters 634cfaf184303bb9
src/validators/newtype-validator-tests.ts::Port 94e7b58aa35a127f
src/validators/newtype-validator-tests.ts::Run 50036315e0f88fe5
src/validators/newtype-validator-tests.ts::Username 49c3ade1badbb203
src/validators/number-validator-tests.ts::BetweenValidator f8c526a5a80ae39c
src/validators/number-validator-tests.ts::FiniteValidator 43ecf329b766f02a
src/validators/number-validator-tests.ts::GreaterThanOrEqualToValidator 52aefbfcfffae3b6
src/validators/number-validator-tests.ts::GreaterThanValidator 33e56567863afd06
src/validators/number-validator-tests.ts::IntValidator c3c800236beca390
src/validators/number-validator-tests.ts::LessThanOrEqualToValidator 5e19b47c5b30fb68
src/validators/number-validator-tests.ts::LessThanValidator de985bf14df76942
src/validators/number-validator-tests.ts::MultipleOfValidator 5d89eee471b9a9ce
src/validators/number-validator-tests.ts::NegativeValidator 0dde269c36a5ccdd
src/validators/number-validator-tests.ts::NonNaNValidator 66e71c6ea619bc63
src/validators/number-validator-tests.ts::NonNegativeValidator 65959ede73d00699
src/validators/number-validator-tests.ts::NonPositiveValidator 7a5360707749ba02
src/validators/number-validator-tests.ts::PositiveValidator 21dfa564ac5b929c
src/validators/number-validator-tests.ts::Uint8Validator 1382832bee0be56f
src/validators/string-validator-tests.ts::CapitalizedValidator 0cdc5bc30e5492fc
src/validators/string-validator-tests.ts::EmailValidator bc98b3c636c3a5ed
src/validators/string-validator-tests.ts::EndsWithValidator 8bb525ab355a874f
src/validators/string-validator-tests.ts::IncludesValidator 5b4d93323ab6a334
src/validators/string-validator-tests.ts::LengthRangeValidator 96799f5c56a55eb4
src/validators/string-validator-tests.ts::LengthValidator 048476632adbfcb8
src/validators/string-validator-tests.ts::LowercaseValidator f19acebaa77b160f
src/validators/string-validator-tests.ts::MaxLengthValidator 79adc2f082b74360
src/validators/string-validator-tests.ts::MinLengthValidator 858562bdfb874c90
src/validators/string-validator-tests.ts::NonEmptyValidator 3cc96facf9c07d33
src/validators/string-validator-tests.ts::PatternValidator 7a12768c883a2dac
src/validators/string-validator-tests.ts::StartsWithValidator f11e86debb94e9eb
src/validators/string-validator-tests.ts::TrimmedValidator 5aa4be7fe87dadd4
src/validators/string-validator-tests.ts::UncapitalizedValidator f3648dc4dbf17d56
src/validators/string-validator-tests.ts::UppercaseValidator 1cdd121e114f9eda
src/validators/string-validator-tests.ts::UrlValidator db74952ba85beecb
src/validators/string-validator-tests.ts::UuidValidator 0f71190fe7fe6a0a
src/validators/union-arm-validator-tests.ts::Contact 75765ef9c40ac818
src/validators/union-arm-validator-tests.ts::Fallback f82b11d1ac8c53a3
src/validators/union-arm-validator-tests.ts::Phone 6e7d7d5769a18c46
src/validators/union-arm-validator-tests.ts::Reachable 7a3c32f08927fcfd
src/value-traits-tests.ts::Amount 14afa507f4245eee
src/value-traits-tests.ts::Badge aec4ac57e6ae27fe
src/value-traits-tests.ts::Boxed 5d089a5ee56c30d8
src/value-traits-tests.ts::Choice 68f243a402fed214
src/value-traits-tests.ts::Code e87ff64df167bf3d
src/value-traits-tests.ts::Counted cf79a96ef97c8193
src/value-traits-tests.ts::Crate 139781c04a12325d
src/value-traits-tests.ts::Inventory e3375105c74fe3a2
src/value-traits-tests.ts::Keyed 4cbb13bafaede330
src/value-traits-tests.ts::Labeled 209ab8ceca019d0c
src/value-traits-tests.ts::Ledger 3eb29f454733b3cf
src/value-traits-tests.ts::LedgerOrNote 4eaf746ce75c8c75
src/value-traits-tests.ts::LedgerPair f578368adb23220f
src/value-traits-tests.ts::MainLedger 1569cf5be0eb7315
src/value-traits-tests.ts::Moment db7f0c955cc71743
src/value-traits-tests.ts::Rank b6cf255ad297cc7b
src/value-traits-tests.ts::Reading 61202e87288a25a2
src/value-traits-tests.ts::Shape b301a2505fa68f11
src/value-traits-tests.ts::Shelf 0e3c6c5c7fadee5e
src/value-traits-tests.ts::Slot 510fade408d2953f
src/value-traits-tests.ts::Tally a1155e95e7556572
src/value-traits-tests.ts::Timeline f4a804b77375a0c1
src/value-traits-tests.ts::Totals 8e5cc2dfe04bb84f
src/value-traits-tests.ts::Wall 9742c39036e9aed2

## Ambiguous names

Cents
Labeled
Point
