---
source: crates/macroforge_ts/tests/conformance.rs
expression: snapshot
input_file: crates/macroforge_ts/tests/fixtures/ok/call/concat_names_simple.ts
---
## Input

/** import macro { concat_names } from "@macroforge/test-macros" */

export const fooBar = $concat_names(foo, bar);
export const userName = $concat_names(user, name);

## Changed

true

## Output

/** import macro { concat_names } from "@macroforge/test-macros" */

export const fooBar = "foo_bar";
export const userName = "user_name";

## DTS

(none)

## Diagnostics

(none)

## Mapping

original 0..91 -> expanded 0..91
original 114..140 -> expanded 100..126
original 165..167 -> expanded 137..139
generated 91..100 <- $concat_names
generated 126..137 <- $concat_names

## Metadata

(none)

## Registry reads

(not recorded)

## Buildtime dependencies

(none)
